Archive member included to satisfy reference by file (symbol)

c:/users/hiroshi/desktop/stm32toolchain/gnu-arm/5.4 2016q3/bin/../lib/gcc/arm-none-eabi/5.4.1/../../../../arm-none-eabi/lib/armv7-m\libm.a(lib_a-w_log10.o)
                              ./src/main.o (log10)
c:/users/hiroshi/desktop/stm32toolchain/gnu-arm/5.4 2016q3/bin/../lib/gcc/arm-none-eabi/5.4.1/../../../../arm-none-eabi/lib/armv7-m\libm.a(lib_a-e_log10.o)
                              c:/users/hiroshi/desktop/stm32toolchain/gnu-arm/5.4 2016q3/bin/../lib/gcc/arm-none-eabi/5.4.1/../../../../arm-none-eabi/lib/armv7-m\libm.a(lib_a-w_log10.o) (__ieee754_log10)
c:/users/hiroshi/desktop/stm32toolchain/gnu-arm/5.4 2016q3/bin/../lib/gcc/arm-none-eabi/5.4.1/../../../../arm-none-eabi/lib/armv7-m\libm.a(lib_a-s_lib_ver.o)
                              c:/users/hiroshi/desktop/stm32toolchain/gnu-arm/5.4 2016q3/bin/../lib/gcc/arm-none-eabi/5.4.1/../../../../arm-none-eabi/lib/armv7-m\libm.a(lib_a-w_log10.o) (__fdlib_version)
c:/users/hiroshi/desktop/stm32toolchain/gnu-arm/5.4 2016q3/bin/../lib/gcc/arm-none-eabi/5.4.1/../../../../arm-none-eabi/lib/armv7-m\libm.a(lib_a-s_matherr.o)
                              c:/users/hiroshi/desktop/stm32toolchain/gnu-arm/5.4 2016q3/bin/../lib/gcc/arm-none-eabi/5.4.1/../../../../arm-none-eabi/lib/armv7-m\libm.a(lib_a-w_log10.o) (matherr)
c:/users/hiroshi/desktop/stm32toolchain/gnu-arm/5.4 2016q3/bin/../lib/gcc/arm-none-eabi/5.4.1/../../../../arm-none-eabi/lib/armv7-m\libm.a(lib_a-s_nan.o)
                              c:/users/hiroshi/desktop/stm32toolchain/gnu-arm/5.4 2016q3/bin/../lib/gcc/arm-none-eabi/5.4.1/../../../../arm-none-eabi/lib/armv7-m\libm.a(lib_a-w_log10.o) (nan)
c:/users/hiroshi/desktop/stm32toolchain/gnu-arm/5.4 2016q3/bin/../lib/gcc/arm-none-eabi/5.4.1/../../../../arm-none-eabi/lib/armv7-m\libm.a(lib_a-e_log.o)
                              c:/users/hiroshi/desktop/stm32toolchain/gnu-arm/5.4 2016q3/bin/../lib/gcc/arm-none-eabi/5.4.1/../../../../arm-none-eabi/lib/armv7-m\libm.a(lib_a-e_log10.o) (__ieee754_log)
c:/users/hiroshi/desktop/stm32toolchain/gnu-arm/5.4 2016q3/bin/../lib/gcc/arm-none-eabi/5.4.1/armv7-m\libgcc.a(_arm_addsubdf3.o)
                              ./src/main.o (__aeabi_dsub)
c:/users/hiroshi/desktop/stm32toolchain/gnu-arm/5.4 2016q3/bin/../lib/gcc/arm-none-eabi/5.4.1/armv7-m\libgcc.a(_arm_muldivdf3.o)
                              ./src/main.o (__aeabi_dmul)
c:/users/hiroshi/desktop/stm32toolchain/gnu-arm/5.4 2016q3/bin/../lib/gcc/arm-none-eabi/5.4.1/armv7-m\libgcc.a(_arm_cmpdf2.o)
                              c:/users/hiroshi/desktop/stm32toolchain/gnu-arm/5.4 2016q3/bin/../lib/gcc/arm-none-eabi/5.4.1/../../../../arm-none-eabi/lib/armv7-m\libm.a(lib_a-w_log10.o) (__aeabi_dcmpeq)
c:/users/hiroshi/desktop/stm32toolchain/gnu-arm/5.4 2016q3/bin/../lib/gcc/arm-none-eabi/5.4.1/armv7-m\libgcc.a(_arm_unorddf2.o)
                              c:/users/hiroshi/desktop/stm32toolchain/gnu-arm/5.4 2016q3/bin/../lib/gcc/arm-none-eabi/5.4.1/../../../../arm-none-eabi/lib/armv7-m\libm.a(lib_a-w_log10.o) (__aeabi_dcmpun)
c:/users/hiroshi/desktop/stm32toolchain/gnu-arm/5.4 2016q3/bin/../lib/gcc/arm-none-eabi/5.4.1/armv7-m\libgcc.a(_arm_fixunsdfsi.o)
                              ./src/main.o (__aeabi_d2uiz)
c:/users/hiroshi/desktop/stm32toolchain/gnu-arm/5.4 2016q3/bin/../lib/gcc/arm-none-eabi/5.4.1/armv7-m\libgcc.a(unwind-arm.o)
                              ./system/src/newlib/_cxx.o (__aeabi_unwind_cpp_pr1)
c:/users/hiroshi/desktop/stm32toolchain/gnu-arm/5.4 2016q3/bin/../lib/gcc/arm-none-eabi/5.4.1/armv7-m\libgcc.a(libunwind.o)
                              c:/users/hiroshi/desktop/stm32toolchain/gnu-arm/5.4 2016q3/bin/../lib/gcc/arm-none-eabi/5.4.1/armv7-m\libgcc.a(unwind-arm.o) (restore_core_regs)
c:/users/hiroshi/desktop/stm32toolchain/gnu-arm/5.4 2016q3/bin/../lib/gcc/arm-none-eabi/5.4.1/armv7-m\libgcc.a(pr-support.o)
                              c:/users/hiroshi/desktop/stm32toolchain/gnu-arm/5.4 2016q3/bin/../lib/gcc/arm-none-eabi/5.4.1/armv7-m\libgcc.a(unwind-arm.o) (__gnu_unwind_execute)
c:/users/hiroshi/desktop/stm32toolchain/gnu-arm/5.4 2016q3/bin/../lib/gcc/arm-none-eabi/5.4.1/../../../../arm-none-eabi/lib/armv7-m\libg_nano.a(lib_a-errno.o)
                              ./system/src/newlib/_sbrk.o (__errno)
c:/users/hiroshi/desktop/stm32toolchain/gnu-arm/5.4 2016q3/bin/../lib/gcc/arm-none-eabi/5.4.1/../../../../arm-none-eabi/lib/armv7-m\libg_nano.a(lib_a-impure.o)
                              c:/users/hiroshi/desktop/stm32toolchain/gnu-arm/5.4 2016q3/bin/../lib/gcc/arm-none-eabi/5.4.1/../../../../arm-none-eabi/lib/armv7-m\libg_nano.a(lib_a-errno.o) (_impure_ptr)
c:/users/hiroshi/desktop/stm32toolchain/gnu-arm/5.4 2016q3/bin/../lib/gcc/arm-none-eabi/5.4.1/../../../../arm-none-eabi/lib/armv7-m\libg_nano.a(lib_a-init.o)
                              ./system/src/cmsis/startup_stm32f103xb.o (__libc_init_array)
[...]
Memory Configuration

Name             Origin             Length             Attributes
FLASH            0x08000000         0x00020000         xr
RAM              0x20000000         0x00005000         xrw
CCMRAM           0x10000000         0x00000000         xrw
FLASHB1          0x00000000         0x00000000         xr
EXTMEMB0         0x00000000         0x00000000         xr
EXTMEMB1         0x00000000         0x00000000         xr
EXTMEMB2         0x00000000         0x00000000         xr
EXTMEMB3         0x00000000         0x00000000         xr
*default*        0x00000000         0xffffffff

Linker script and memory map

LOAD ./system/src/stm32f1xx/stm32f1xx_hal.o
LOAD ./system/src/stm32f1xx/stm32f1xx_hal_can.o
LOAD ./system/src/stm32f1xx/stm32f1xx_hal_cortex.o
LOAD ./system/src/stm32f1xx/stm32f1xx_hal_dma.o
LOAD ./system/src/stm32f1xx/stm32f1xx_hal_flash.o
LOAD ./system/src/stm32f1xx/stm32f1xx_hal_flash_ex.o
LOAD ./system/src/stm32f1xx/stm32f1xx_hal_gpio.o
LOAD ./system/src/stm32f1xx/stm32f1xx_hal_gpio_ex.o
LOAD ./system/src/stm32f1xx/stm32f1xx_hal_pwr.o
LOAD ./system/src/stm32f1xx/stm32f1xx_hal_rcc.o
LOAD ./system/src/stm32f1xx/stm32f1xx_hal_rcc_ex.o
LOAD ./system/src/stm32f1xx/stm32f1xx_hal_spi.o
LOAD ./system/src/stm32f1xx/stm32f1xx_hal_spi_ex.o
LOAD ./system/src/stm32f1xx/stm32f1xx_hal_tim.o
LOAD ./system/src/stm32f1xx/stm32f1xx_hal_tim_ex.o
LOAD ./system/src/stm32f1xx/stm32f1xx_hal_uart.o
LOAD ./system/src/newlib/_cxx.o
LOAD ./system/src/newlib/_exit.o
LOAD ./system/src/newlib/_sbrk.o
LOAD ./system/src/newlib/_startup.o
LOAD ./system/src/newlib/_syscalls.o
LOAD ./system/src/newlib/assert.o
LOAD ./system/src/diag/Trace.o
LOAD ./system/src/diag/trace_impl.o
LOAD ./system/src/cortexm/_initialize_hardware.o
LOAD ./system/src/cortexm/_reset_hardware.o
LOAD ./system/src/cortexm/exception_handlers.o
LOAD ./system/src/cmsis/startup_stm32f103xb.o
LOAD ./system/src/cmsis/system_stm32f1xx.o
LOAD ./src/freertos.o
LOAD ./src/main.o
LOAD ./src/stm32f1xx_hal_msp.o
LOAD ./src/stm32f1xx_it.o
LOAD ./Middlewares/Third_Party/FreeRTOS/Source/portable/MemMang/heap_4.o
LOAD ./Middlewares/Third_Party/FreeRTOS/Source/portable/GCC/ARM_CM3/port.o
LOAD ./Middlewares/Third_Party/FreeRTOS/Source/CMSIS_RTOS/cmsis_os.o
LOAD ./Middlewares/Third_Party/FreeRTOS/Source/croutine.o
LOAD ./Middlewares/Third_Party/FreeRTOS/Source/event_groups.o
LOAD ./Middlewares/Third_Party/FreeRTOS/Source/list.o
LOAD ./Middlewares/Third_Party/FreeRTOS/Source/queue.o
LOAD ./Middlewares/Third_Party/FreeRTOS/Source/tasks.o
LOAD ./Middlewares/Third_Party/FreeRTOS/Source/timers.o
LOAD c:/users/hiroshi/desktop/stm32toolchain/gnu-arm/5.4 2016q3/bin/../lib/gcc/arm-none-eabi/5.4.1/../../../../arm-none-eabi/lib/armv7-m\libstdc++_nano.a
LOAD c:/users/hiroshi/desktop/stm32toolchain/gnu-arm/5.4 2016q3/bin/../lib/gcc/arm-none-eabi/5.4.1/../../../../arm-none-eabi/lib/armv7-m\libm.a
START GROUP
LOAD c:/users/hiroshi/desktop/stm32toolchain/gnu-arm/5.4 2016q3/bin/../lib/gcc/arm-none-eabi/5.4.1/armv7-m\libgcc.a
LOAD c:/users/hiroshi/desktop/stm32toolchain/gnu-arm/5.4 2016q3/bin/../lib/gcc/arm-none-eabi/5.4.1/../../../../arm-none-eabi/lib/armv7-m\libg_nano.a
LOAD c:/users/hiroshi/desktop/stm32toolchain/gnu-arm/5.4 2016q3/bin/../lib/gcc/arm-none-eabi/5.4.1/../../../../arm-none-eabi/lib/armv7-m\libc_nano.a
END GROUP
START GROUP
LOAD c:/users/hiroshi/desktop/stm32toolchain/gnu-arm/5.4 2016q3/bin/../lib/gcc/arm-none-eabi/5.4.1/armv7-m\libgcc.a
LOAD c:/users/hiroshi/desktop/stm32toolchain/gnu-arm/5.4 2016q3/bin/../lib/gcc/arm-none-eabi/5.4.1/../../../../arm-none-eabi/lib/armv7-m\libc_nano.a
END GROUP
                0x20005000                __stack = (ORIGIN (RAM) + LENGTH (RAM))
                0x20005000                _estack = __stack
                0x00000400                __Main_Stack_Size = 0x400
                [!provide]                PROVIDE (_Main_Stack_Size, __Main_Stack_Size)
                0x20004c00                __Main_Stack_Limit = (__stack - __Main_Stack_Size)
                [!provide]                PROVIDE (_Main_Stack_Limit, __Main_Stack_Limit)
                0x00000100                _Minimum_Stack_Size = 0x100
                0x20001f5c                PROVIDE (_Heap_Begin, _end_noinit)
                0x20004c00                PROVIDE (_Heap_Limit, (__stack - __Main_Stack_Size))

.isr_vector     0x08000000      0x324
 FILL mask 0xff
                0x08000000                __vectors_start = ABSOLUTE (.)
                0x08000000                __vectors_start__ = ABSOLUTE (.)
 *(.isr_vector)
 .isr_vector    0x08000000      0x10c ./system/src/cmsis/startup_stm32f103xb.o
                0x08000000                g_pfnVectors
 *(.cfmconfig)
 *(.after_vectors .after_vectors.*)
 .after_vectors
                0x0800010c      0x114 ./system/src/newlib/_startup.o
                0x0800010c                _start
 .after_vectors
                0x08000220      0x104 ./system/src/cortexm/exception_handlers.o
                0x08000220                Reset_Handler
                0x08000240                HardFault_Handler_C
                0x0800028c                BusFault_Handler_C
                0x080002d4                UsageFault_Handler_C

.inits          0x08000324       0x28
                0x08000324                __data_regions_array_start = .
                0x08000324        0x4 LONG 0x8007480 LOADADDR (.data)
                0x08000328        0x4 LONG 0x20000000 ADDR (.data)
                0x0800032c        0x4 LONG 0x2000028c (ADDR (.data) + SIZEOF (.data))
                0x08000330        0x4 LONG 0x8007480 LOADADDR (.data_CCMRAM)
                0x08000334        0x4 LONG 0x10000000 ADDR (.data_CCMRAM)
                0x08000338        0x4 LONG 0x10000000 (ADDR (.data_CCMRAM) + SIZEOF (.data_CCMRAM))
                0x0800033c                __data_regions_array_end = .
                0x0800033c                __bss_regions_array_start = .
                0x0800033c        0x4 LONG 0x20000290 ADDR (.bss)
                0x08000340        0x4 LONG 0x20001f5c (ADDR (.bss) + SIZEOF (.bss))
                0x08000344        0x4 LONG 0x10000000 ADDR (.bss_CCMRAM)
                0x08000348        0x4 LONG 0x10000000 (ADDR (.bss_CCMRAM) + SIZEOF (.bss_CCMRAM))
                0x0800034c                __bss_regions_array_end = .
 *(.init)
 *(.fini)
                0x0800034c                . = ALIGN (0x4)
                0x0800034c                PROVIDE (__preinit_array_start, .)
 *(.preinit_array_sysinit .preinit_array_sysinit.*)
 *(.preinit_array_platform .preinit_array_platform.*)
 *(.preinit_array .preinit_array.*)
                0x0800034c                PROVIDE (__preinit_array_end, .)
                0x0800034c                . = ALIGN (0x4)
                0x0800034c                PROVIDE (__init_array_start, .)
 *(SORT(.init_array.*))
 *(.init_array)
                0x0800034c                PROVIDE (__init_array_end, .)
                0x0800034c                . = ALIGN (0x4)
                0x0800034c                PROVIDE (__fini_array_start, .)
 *(SORT(.fini_array.*))
 *(.fini_array)
                0x0800034c                PROVIDE (__fini_array_end, .)

.flashtext
 *(.flashtext .flashtext.*)

.text           0x08000350     0x7130
 *(.text .text.*)
 .text.HAL_InitTick
                0x08000350       0x28 ./system/src/stm32f1xx/stm32f1xx_hal.o
                0x08000350                HAL_InitTick
 .text.HAL_Init
                0x08000378       0x24 ./system/src/stm32f1xx/stm32f1xx_hal.o
                0x08000378                HAL_Init
 .text.HAL_IncTick
                0x0800039c       0x10 ./system/src/stm32f1xx/stm32f1xx_hal.o
                0x0800039c                HAL_IncTick
 .text.HAL_GetTick
                0x080003ac        0xc ./system/src/stm32f1xx/stm32f1xx_hal.o
                0x080003ac                HAL_GetTick
 .text.HAL_Delay
                0x080003b8       0x1c ./system/src/stm32f1xx/stm32f1xx_hal.o
                0x080003b8                HAL_Delay
 .text.HAL_CAN_ConfigFilter
                0x080003d4      0x100 ./system/src/stm32f1xx/stm32f1xx_hal_can.o
                0x080003d4                HAL_CAN_ConfigFilter
 .text.HAL_CAN_Init
                0x080004d4      0x12c ./system/src/stm32f1xx/stm32f1xx_hal_can.o
                0x080004d4                HAL_CAN_Init
 .text.HAL_CAN_Transmit
                0x08000600      0x1c4 ./system/src/stm32f1xx/stm32f1xx_hal_can.o
                0x08000600                HAL_CAN_Transmit
 .text.HAL_CAN_Receive
                0x080007c4      0x18c ./system/src/stm32f1xx/stm32f1xx_hal_can.o
                0x080007c4                HAL_CAN_Receive
 .text.HAL_NVIC_SetPriorityGrouping
                0x08000950       0x24 ./system/src/stm32f1xx/stm32f1xx_hal_cortex.o
                0x08000950                HAL_NVIC_SetPriorityGrouping
 .text.HAL_NVIC_SetPriority
                0x08000974       0x64 ./system/src/stm32f1xx/stm32f1xx_hal_cortex.o
                0x08000974                HAL_NVIC_SetPriority
 .text.HAL_SYSTICK_Config
                0x080009d8       0x2c ./system/src/stm32f1xx/stm32f1xx_hal_cortex.o
                0x080009d8                HAL_SYSTICK_Config
 .text.HAL_SYSTICK_CLKSourceConfig
                0x08000a04       0x20 ./system/src/stm32f1xx/stm32f1xx_hal_cortex.o
                0x08000a04                HAL_SYSTICK_CLKSourceConfig
 .text.HAL_GPIO_Init
                0x08000a24      0x1d8 ./system/src/stm32f1xx/stm32f1xx_hal_gpio.o
                0x08000a24                HAL_GPIO_Init
 .text.HAL_GPIO_WritePin
                0x08000bfc        0xc ./system/src/stm32f1xx/stm32f1xx_hal_gpio.o
                0x08000bfc                HAL_GPIO_WritePin
 .text.HAL_GPIO_TogglePin
                0x08000c08        0x8 ./system/src/stm32f1xx/stm32f1xx_hal_gpio.o
                0x08000c08                HAL_GPIO_TogglePin
 .text.HAL_GPIO_EXTI_Callback
                0x08000c10        0x4 ./system/src/stm32f1xx/stm32f1xx_hal_gpio.o
                0x08000c10                HAL_GPIO_EXTI_Callback
 .text.HAL_GPIO_EXTI_IRQHandler
                0x08000c14       0x18 ./system/src/stm32f1xx/stm32f1xx_hal_gpio.o
                0x08000c14                HAL_GPIO_EXTI_IRQHandler
 .text.HAL_RCC_OscConfig
                0x08000c2c      0x5ec ./system/src/stm32f1xx/stm32f1xx_hal_rcc.o
                0x08000c2c                HAL_RCC_OscConfig
 .text.HAL_RCC_GetSysClockFreq
                0x08001218       0x94 ./system/src/stm32f1xx/stm32f1xx_hal_rcc.o
                0x08001218                HAL_RCC_GetSysClockFreq
 .text.HAL_RCC_ClockConfig
                0x080012ac      0x1e4 ./system/src/stm32f1xx/stm32f1xx_hal_rcc.o
                0x080012ac                HAL_RCC_ClockConfig
 .text.HAL_RCC_GetHCLKFreq
                0x08001490        0xc ./system/src/stm32f1xx/stm32f1xx_hal_rcc.o
                0x08001490                HAL_RCC_GetHCLKFreq
 .text.HAL_RCC_GetPCLK1Freq
                0x0800149c       0x30 ./system/src/stm32f1xx/stm32f1xx_hal_rcc.o
                0x0800149c                HAL_RCC_GetPCLK1Freq
 .text.HAL_RCC_GetPCLK2Freq
                0x080014cc       0x30 ./system/src/stm32f1xx/stm32f1xx_hal_rcc.o
                0x080014cc                HAL_RCC_GetPCLK2Freq
 .text.SPI_WaitOnFlagUntilTimeout
                0x080014fc       0xe4 ./system/src/stm32f1xx/stm32f1xx_hal_spi.o
 .text.HAL_SPI_Transmit
                0x080015e0      0x1b8 ./system/src/stm32f1xx/stm32f1xx_hal_spi.o
                0x080015e0                HAL_SPI_Transmit
 .text.HAL_SPI_TransmitReceive
                0x08001798      0x348 ./system/src/stm32f1xx/stm32f1xx_hal_spi.o
                0x08001798                HAL_SPI_TransmitReceive
 .text.HAL_SPI_Receive
                0x08001ae0      0x230 ./system/src/stm32f1xx/stm32f1xx_hal_spi.o
                0x08001ae0                HAL_SPI_Receive
 .text.HAL_SPI_Init
                0x08001d10       0x88 ./system/src/stm32f1xx/stm32f1xx_hal_spi_ex.o
                0x08001d10                HAL_SPI_Init
 .text.SPI_ISCRCErrorValid
                0x08001d98        0x4 ./system/src/stm32f1xx/stm32f1xx_hal_spi_ex.o
                0x08001d98                SPI_ISCRCErrorValid
 .text.UART_SetConfig
                0x08001d9c      0x1bc ./system/src/stm32f1xx/stm32f1xx_hal_uart.o
 .text.HAL_UART_Init
                0x08001f58       0x60 ./system/src/stm32f1xx/stm32f1xx_hal_uart.o
                0x08001f58                HAL_UART_Init
 .text._exit    0x08001fb8        0x4 ./system/src/newlib/_exit.o
                0x08001fb8                _exit
 .text._sbrk    0x08001fbc       0x44 ./system/src/newlib/_sbrk.o
                0x08001fbc                _sbrk
 .text.__initialize_args
                0x08002000       0x10 ./system/src/newlib/_syscalls.o
                0x08002000                __initialize_args
 .text.trace_printf
                0x08002010       0x30 ./system/src/diag/Trace.o
                0x08002010                trace_printf
 .text.trace_write
                0x08002040        0x8 ./system/src/diag/trace_impl.o
                0x08002040                trace_write
 .text.__initialize_hardware_early
                0x08002048       0x18 ./system/src/cortexm/_initialize_hardware.o
                0x08002048                __initialize_hardware_early
 .text.__initialize_hardware
                0x08002060        0x8 ./system/src/cortexm/_initialize_hardware.o
                0x08002060                __initialize_hardware
 .text.dumpExceptionStack
                0x08002068       0xf0 ./system/src/cortexm/exception_handlers.o
                0x08002068                dumpExceptionStack
 .text.Default_Handler
                0x08002158        0x2 ./system/src/cmsis/startup_stm32f103xb.o
                0x08002158                RTC_Alarm_IRQHandler
                0x08002158                EXTI2_IRQHandler
                0x08002158                TIM1_CC_IRQHandler
                0x08002158                PVD_IRQHandler
                0x08002158                EXTI3_IRQHandler
                0x08002158                EXTI0_IRQHandler
                0x08002158                I2C2_EV_IRQHandler
                0x08002158                ADC1_2_IRQHandler
                0x08002158                SPI1_IRQHandler
                0x08002158                TAMPER_IRQHandler
                0x08002158                DMA1_Channel4_IRQHandler
                0x08002158                USART3_IRQHandler
                0x08002158                RTC_IRQHandler
                0x08002158                DMA1_Channel7_IRQHandler
                0x08002158                CAN1_RX1_IRQHandler
                0x08002158                TIM4_IRQHandler
                0x08002158                I2C1_EV_IRQHandler
                0x08002158                DMA1_Channel6_IRQHandler
                0x08002158                TIM3_IRQHandler
                0x08002158                RCC_IRQHandler
                0x08002158                TIM1_TRG_COM_IRQHandler
                0x08002158                DMA1_Channel1_IRQHandler
                0x08002158                Default_Handler
                0x08002158                EXTI9_5_IRQHandler
                0x08002158                SPI2_IRQHandler
                0x08002158                DMA1_Channel5_IRQHandler
                0x08002158                EXTI4_IRQHandler
                0x08002158                USB_LP_CAN1_RX0_IRQHandler
                0x08002158                USB_HP_CAN1_TX_IRQHandler
                0x08002158                DMA1_Channel3_IRQHandler
                0x08002158                TIM1_UP_IRQHandler
                0x08002158                WWDG_IRQHandler
                0x08002158                TIM2_IRQHandler
                0x08002158                TIM1_BRK_IRQHandler
                0x08002158                EXTI1_IRQHandler
                0x08002158                USART2_IRQHandler
                0x08002158                I2C2_ER_IRQHandler
                0x08002158                DMA1_Channel2_IRQHandler
                0x08002158                CAN1_SCE_IRQHandler
                0x08002158                FLASH_IRQHandler
                0x08002158                USART1_IRQHandler
                0x08002158                I2C1_ER_IRQHandler
                0x08002158                USBWakeUp_IRQHandler
 *fill*         0x0800215a        0x2 
 .text.SystemInit
                0x0800215c       0x4c ./system/src/cmsis/system_stm32f1xx.o
                0x0800215c                SystemInit
 .text.SystemCoreClockUpdate
                0x080021a8       0x94 ./system/src/cmsis/system_stm32f1xx.o
                0x080021a8                SystemCoreClockUpdate
 .text.MX_GPIO_Init
                0x0800223c       0xc4 ./src/main.o
 .text.receive_task
                0x08002300       0xec ./src/main.o
                0x08002300                receive_task
 .text.CS_ENABLE
                0x080023ec        0xc ./src/main.o
                0x080023ec                CS_ENABLE
 .text.CS_DISABLE
                0x080023f8        0xc ./src/main.o
                0x080023f8                CS_DISABLE
 .text.configureSPI
                0x08002404       0x40 ./src/main.o
                0x08002404                configureSPI
 *fill*         0x08002444        0x4 
 .text.MAX31865_full_read
                0x08002448      0x350 ./src/main.o
                0x08002448                MAX31865_full_read
 .text.Read_Temperature
                0x08002798       0x4c ./src/main.o
                0x08002798                Read_Temperature
 .text._Error_Handler
                0x080027e4        0x4 ./src/main.o
                0x080027e4                _Error_Handler
 .text.MX_CAN_Init
                0x080027e8       0xa8 ./src/main.o
 .text.MX_USART1_UART_Init
                0x08002890       0x40 ./src/main.o
 .text.MX_USART2_UART_Init
                0x080028d0       0x40 ./src/main.o
 .text.MX_SPI2_Init
                0x08002910       0x50 ./src/main.o
 .text.MX_SPI1_Init
                0x08002960       0x50 ./src/main.o
 .text.SystemClock_Config
                0x080029b0       0x7c ./src/main.o
                0x080029b0                SystemClock_Config
 .text.main     0x08002a2c       0xf8 ./src/main.o
                0x08002a2c                main
 .text.HAL_MspInit
                0x08002b24       0x90 ./src/stm32f1xx_hal_msp.o
                0x08002b24                HAL_MspInit
 .text.HAL_CAN_MspInit
                0x08002bb4       0x70 ./src/stm32f1xx_hal_msp.o
                0x08002bb4                HAL_CAN_MspInit
 .text.HAL_SPI_MspInit
                0x08002c24       0x94 ./src/stm32f1xx_hal_msp.o
                0x08002c24                HAL_SPI_MspInit
 .text.HAL_UART_MspInit
                0x08002cb8       0xa8 ./src/stm32f1xx_hal_msp.o
                0x08002cb8                HAL_UART_MspInit
 .text.NMI_Handler
                0x08002d60        0x4 ./src/stm32f1xx_it.o
                0x08002d60                NMI_Handler
 .text.HardFault_Handler
                0x08002d64        0x4 ./src/stm32f1xx_it.o
                0x08002d64                HardFault_Handler
 .text.MemManage_Handler
                0x08002d68        0x4 ./src/stm32f1xx_it.o
                0x08002d68                MemManage_Handler
 .text.BusFault_Handler
                0x08002d6c        0x4 ./src/stm32f1xx_it.o
                0x08002d6c                BusFault_Handler
 .text.UsageFault_Handler
                0x08002d70        0x4 ./src/stm32f1xx_it.o
                0x08002d70                UsageFault_Handler
 .text.DebugMon_Handler
                0x08002d74        0x4 ./src/stm32f1xx_it.o
                0x08002d74                DebugMon_Handler
 .text.SysTick_Handler
                0x08002d78        0xc ./src/stm32f1xx_it.o
                0x08002d78                SysTick_Handler
 .text.EXTI15_10_IRQHandler
                0x08002d84        0xc ./src/stm32f1xx_it.o
                0x08002d84                EXTI15_10_IRQHandler
 .text.prvHeapInit
                0x08002d90       0x68 ./Middlewares/Third_Party/FreeRTOS/Source/portable/MemMang/heap_4.o
 .text.prvInsertBlockIntoFreeList
                0x08002df8       0x54 ./Middlewares/Third_Party/FreeRTOS/Source/portable/MemMang/heap_4.o
 .text.pvPortMalloc
                0x08002e4c       0xe0 ./Middlewares/Third_Party/FreeRTOS/Source/portable/MemMang/heap_4.o
                0x08002e4c                pvPortMalloc
 .text.vPortFree
                0x08002f2c       0x5c ./Middlewares/Third_Party/FreeRTOS/Source/portable/MemMang/heap_4.o
                0x08002f2c                vPortFree
 .text.prvPortStartFirstTask
                0x08002f88       0x20 ./Middlewares/Third_Party/FreeRTOS/Source/portable/GCC/ARM_CM3/port.o
 .text.pxPortInitialiseStack
                0x08002fa8       0x20 ./Middlewares/Third_Party/FreeRTOS/Source/portable/GCC/ARM_CM3/port.o
                0x08002fa8                pxPortInitialiseStack
 .text.SVC_Handler
                0x08002fc8       0x24 ./Middlewares/Third_Party/FreeRTOS/Source/portable/GCC/ARM_CM3/port.o
                0x08002fc8                SVC_Handler
 .text.vPortYield
                0x08002fec       0x18 ./Middlewares/Third_Party/FreeRTOS/Source/portable/GCC/ARM_CM3/port.o
                0x08002fec                vPortYield
 .text.ulPortSetInterruptMask
                0x08003004       0x10 ./Middlewares/Third_Party/FreeRTOS/Source/portable/GCC/ARM_CM3/port.o
                0x08003004                ulPortSetInterruptMask
 .text.prvTaskExitError
                0x08003014       0x1c ./Middlewares/Third_Party/FreeRTOS/Source/portable/GCC/ARM_CM3/port.o
 .text.vPortEnterCritical
                0x08003030       0x34 ./Middlewares/Third_Party/FreeRTOS/Source/portable/GCC/ARM_CM3/port.o
                0x08003030                vPortEnterCritical
 .text.vPortClearInterruptMask
                0x08003064        0x8 ./Middlewares/Third_Party/FreeRTOS/Source/portable/GCC/ARM_CM3/port.o
                0x08003064                vPortClearInterruptMask
 .text.vPortExitCritical
                0x0800306c       0x24 ./Middlewares/Third_Party/FreeRTOS/Source/portable/GCC/ARM_CM3/port.o
                0x0800306c                vPortExitCritical
 .text.PendSV_Handler
                0x08003090       0x44 ./Middlewares/Third_Party/FreeRTOS/Source/portable/GCC/ARM_CM3/port.o
                0x08003090                PendSV_Handler
 .text.xPortSysTickHandler
                0x080030d4       0x20 ./Middlewares/Third_Party/FreeRTOS/Source/portable/GCC/ARM_CM3/port.o
                0x080030d4                xPortSysTickHandler
 .text.vPortSetupTimerInterrupt
                0x080030f4       0x2c ./Middlewares/Third_Party/FreeRTOS/Source/portable/GCC/ARM_CM3/port.o
                0x080030f4                vPortSetupTimerInterrupt
 .text.xPortStartScheduler
                0x08003120       0x98 ./Middlewares/Third_Party/FreeRTOS/Source/portable/GCC/ARM_CM3/port.o
                0x08003120                xPortStartScheduler
 .text.osSystickHandler
                0x080031b8       0x10 ./Middlewares/Third_Party/FreeRTOS/Source/CMSIS_RTOS/cmsis_os.o
                0x080031b8                osSystickHandler
 .text.vListInitialise
                0x080031c8       0x18 ./Middlewares/Third_Party/FreeRTOS/Source/list.o
                0x080031c8                vListInitialise
 .text.vListInitialiseItem
                0x080031e0        0x8 ./Middlewares/Third_Party/FreeRTOS/Source/list.o
                0x080031e0                vListInitialiseItem
 .text.vListInsertEnd
                0x080031e8       0x18 ./Middlewares/Third_Party/FreeRTOS/Source/list.o
                0x080031e8                vListInsertEnd
 .text.vListInsert
                0x08003200       0x34 ./Middlewares/Third_Party/FreeRTOS/Source/list.o
                0x08003200                vListInsert
 .text.uxListRemove
                0x08003234       0x24 ./Middlewares/Third_Party/FreeRTOS/Source/list.o
                0x08003234                uxListRemove
 .text.prvIsQueueFull
                0x08003258       0x20 ./Middlewares/Third_Party/FreeRTOS/Source/queue.o
 .text.prvIsQueueEmpty
                0x08003278       0x1c ./Middlewares/Third_Party/FreeRTOS/Source/queue.o
 .text.prvCopyDataToQueue
                0x08003294       0x7c ./Middlewares/Third_Party/FreeRTOS/Source/queue.o
 .text.prvCopyDataFromQueue
                0x08003310       0x24 ./Middlewares/Third_Party/FreeRTOS/Source/queue.o
 .text.prvUnlockQueue
                0x08003334       0x64 ./Middlewares/Third_Party/FreeRTOS/Source/queue.o
 .text.xQueueGenericReset
                0x08003398       0x64 ./Middlewares/Third_Party/FreeRTOS/Source/queue.o
                0x08003398                xQueueGenericReset
 .text.xQueueGenericCreate
                0x080033fc       0x48 ./Middlewares/Third_Party/FreeRTOS/Source/queue.o
                0x080033fc                xQueueGenericCreate
 .text.xQueueGenericSend
                0x08003444      0x12c ./Middlewares/Third_Party/FreeRTOS/Source/queue.o
                0x08003444                xQueueGenericSend
 .text.xQueueGenericReceive
                0x08003570      0x13c ./Middlewares/Third_Party/FreeRTOS/Source/queue.o
                0x08003570                xQueueGenericReceive
 .text.prvResetNextTaskUnblockTime
                0x080036ac       0x34 ./Middlewares/Third_Party/FreeRTOS/Source/tasks.o
 .text.prvAllocateTCBAndStack
                0x080036e0       0x2c ./Middlewares/Third_Party/FreeRTOS/Source/tasks.o
 .text.prvDeleteTCB
                0x0800370c       0x14 ./Middlewares/Third_Party/FreeRTOS/Source/tasks.o
 .text.prvInitialiseTCBVariables
                0x08003720       0x50 ./Middlewares/Third_Party/FreeRTOS/Source/tasks.o
 .text.prvInitialiseTaskLists
                0x08003770       0x64 ./Middlewares/Third_Party/FreeRTOS/Source/tasks.o
 .text.prvAddCurrentTaskToDelayedList
                0x080037d4       0x54 ./Middlewares/Third_Party/FreeRTOS/Source/tasks.o
 .text.xTaskGenericCreate
                0x08003828      0x108 ./Middlewares/Third_Party/FreeRTOS/Source/tasks.o
                0x08003828                xTaskGenericCreate
 .text.vTaskStartScheduler
                0x08003930       0x5c ./Middlewares/Third_Party/FreeRTOS/Source/tasks.o
                0x08003930                vTaskStartScheduler
 .text.vTaskSuspendAll
                0x0800398c       0x10 ./Middlewares/Third_Party/FreeRTOS/Source/tasks.o
                0x0800398c                vTaskSuspendAll
 .text.xTaskGetTickCount
                0x0800399c        0xc ./Middlewares/Third_Party/FreeRTOS/Source/tasks.o
                0x0800399c                xTaskGetTickCount
 .text.xTaskIncrementTick
                0x080039a8      0x11c ./Middlewares/Third_Party/FreeRTOS/Source/tasks.o
                0x080039a8                xTaskIncrementTick
 .text.xTaskResumeAll
                0x08003ac4       0xdc ./Middlewares/Third_Party/FreeRTOS/Source/tasks.o
                0x08003ac4                xTaskResumeAll
 .text.vTaskDelay
                0x08003ba0       0x64 ./Middlewares/Third_Party/FreeRTOS/Source/tasks.o
                0x08003ba0                vTaskDelay
 .text.prvCheckTasksWaitingTermination
                0x08003c04       0x54 ./Middlewares/Third_Party/FreeRTOS/Source/tasks.o
 .text.prvIdleTask
                0x08003c58       0x18 ./Middlewares/Third_Party/FreeRTOS/Source/tasks.o
 .text.vTaskSwitchContext
                0x08003c70       0x88 ./Middlewares/Third_Party/FreeRTOS/Source/tasks.o
                0x08003c70                vTaskSwitchContext
 .text.vTaskPlaceOnEventList
                0x08003cf8       0x64 ./Middlewares/Third_Party/FreeRTOS/Source/tasks.o
                0x08003cf8                vTaskPlaceOnEventList
 .text.xTaskRemoveFromEventList
                0x08003d5c       0x80 ./Middlewares/Third_Party/FreeRTOS/Source/tasks.o
                0x08003d5c                xTaskRemoveFromEventList
 .text.vTaskSetTimeOutState
                0x08003ddc       0x20 ./Middlewares/Third_Party/FreeRTOS/Source/tasks.o
                0x08003ddc                vTaskSetTimeOutState
 .text.xTaskCheckForTimeOut
                0x08003dfc       0x68 ./Middlewares/Third_Party/FreeRTOS/Source/tasks.o
                0x08003dfc                xTaskCheckForTimeOut
 .text.vTaskMissedYield
                0x08003e64        0xc ./Middlewares/Third_Party/FreeRTOS/Source/tasks.o
                0x08003e64                vTaskMissedYield
 .text.xTaskGetSchedulerState
                0x08003e70       0x20 ./Middlewares/Third_Party/FreeRTOS/Source/tasks.o
                0x08003e70                xTaskGetSchedulerState
 .text.vTaskPriorityInherit
                0x08003e90       0xa8 ./Middlewares/Third_Party/FreeRTOS/Source/tasks.o
                0x08003e90                vTaskPriorityInherit
 .text.xTaskPriorityDisinherit
                0x08003f38       0x9c ./Middlewares/Third_Party/FreeRTOS/Source/tasks.o
                0x08003f38                xTaskPriorityDisinherit
 .text.pvTaskIncrementMutexHeldCount
                0x08003fd4       0x1c ./Middlewares/Third_Party/FreeRTOS/Source/tasks.o
                0x08003fd4                pvTaskIncrementMutexHeldCount
 .text.log10    0x08003ff0      0x104 c:/users/hiroshi/desktop/stm32toolchain/gnu-arm/5.4 2016q3/bin/../lib/gcc/arm-none-eabi/5.4.1/../../../../arm-none-eabi/lib/armv7-m\libm.a(lib_a-w_log10.o)
                0x08003ff0                log10
 *fill*         0x080040f4        0x4 
 .text.__ieee754_log10
                0x080040f8      0x114 c:/users/hiroshi/desktop/stm32toolchain/gnu-arm/5.4 2016q3/bin/../lib/gcc/arm-none-eabi/5.4.1/../../../../arm-none-eabi/lib/armv7-m\libm.a(lib_a-e_log10.o)
                0x080040f8                __ieee754_log10
 .text.matherr  0x0800420c        0x4 c:/users/hiroshi/desktop/stm32toolchain/gnu-arm/5.4 2016q3/bin/../lib/gcc/arm-none-eabi/5.4.1/../../../../arm-none-eabi/lib/armv7-m\libm.a(lib_a-s_matherr.o)
                0x0800420c                matherr
 .text.nan      0x08004210        0xc c:/users/hiroshi/desktop/stm32toolchain/gnu-arm/5.4 2016q3/bin/../lib/gcc/arm-none-eabi/5.4.1/../../../../arm-none-eabi/lib/armv7-m\libm.a(lib_a-s_nan.o)
                0x08004210                nan
 *fill*         0x0800421c        0x4 
 .text.__ieee754_log
                0x08004220      0x3e8 c:/users/hiroshi/desktop/stm32toolchain/gnu-arm/5.4 2016q3/bin/../lib/gcc/arm-none-eabi/5.4.1/../../../../arm-none-eabi/lib/armv7-m\libm.a(lib_a-e_log.o)
                0x08004220                __ieee754_log
 .text          0x08004608      0x370 c:/users/hiroshi/desktop/stm32toolchain/gnu-arm/5.4 2016q3/bin/../lib/gcc/arm-none-eabi/5.4.1/armv7-m\libgcc.a(_arm_addsubdf3.o)
                0x08004608                __aeabi_drsub
                0x08004610                __aeabi_dsub
                0x08004610                __subdf3
                0x08004614                __aeabi_dadd
                0x08004614                __adddf3
                0x0800488c                __floatunsidf
                0x0800488c                __aeabi_ui2d
                0x080048ac                __floatsidf
                0x080048ac                __aeabi_i2d
                0x080048d0                __aeabi_f2d
                0x080048d0                __extendsfdf2
                0x0800490c                __floatundidf
                0x0800490c                __aeabi_ul2d
                0x0800491c                __floatdidf
                0x0800491c                __aeabi_l2d
 .text          0x08004978      0x424 c:/users/hiroshi/desktop/stm32toolchain/gnu-arm/5.4 2016q3/bin/../lib/gcc/arm-none-eabi/5.4.1/armv7-m\libgcc.a(_arm_muldivdf3.o)
                0x08004978                __aeabi_dmul
                0x08004978                __muldf3
                0x08004bcc                __divdf3
                0x08004bcc                __aeabi_ddiv
 .text          0x08004d9c      0x110 c:/users/hiroshi/desktop/stm32toolchain/gnu-arm/5.4 2016q3/bin/../lib/gcc/arm-none-eabi/5.4.1/armv7-m\libgcc.a(_arm_cmpdf2.o)
                0x08004d9c                __gtdf2
                0x08004d9c                __gedf2
                0x08004da4                __ltdf2
                0x08004da4                __ledf2
                0x08004dac                __nedf2
                0x08004dac                __eqdf2
                0x08004dac                __cmpdf2
                0x08004e28                __aeabi_cdrcmple
                0x08004e38                __aeabi_cdcmpeq
                0x08004e38                __aeabi_cdcmple
                0x08004e48                __aeabi_dcmpeq
                0x08004e5c                __aeabi_dcmplt
                0x08004e70                __aeabi_dcmple
                0x08004e84                __aeabi_dcmpge
                0x08004e98                __aeabi_dcmpgt
 .text          0x08004eac       0x2c c:/users/hiroshi/desktop/stm32toolchain/gnu-arm/5.4 2016q3/bin/../lib/gcc/arm-none-eabi/5.4.1/armv7-m\libgcc.a(_arm_unorddf2.o)
                0x08004eac                __unorddf2
                0x08004eac                __aeabi_dcmpun
 .text          0x08004ed8       0x40 c:/users/hiroshi/desktop/stm32toolchain/gnu-arm/5.4 2016q3/bin/../lib/gcc/arm-none-eabi/5.4.1/armv7-m\libgcc.a(_arm_fixunsdfsi.o)
                0x08004ed8                __aeabi_d2uiz
                0x08004ed8                __fixunsdfsi
 .text.__errno  0x08004f18        0xc c:/users/hiroshi/desktop/stm32toolchain/gnu-arm/5.4 2016q3/bin/../lib/gcc/arm-none-eabi/5.4.1/../../../../arm-none-eabi/lib/armv7-m\libg_nano.a(lib_a-errno.o)
                0x08004f18                __errno
 .text.memcpy   0x08004f24       0x16 c:/users/hiroshi/desktop/stm32toolchain/gnu-arm/5.4 2016q3/bin/../lib/gcc/arm-none-eabi/5.4.1/../../../../arm-none-eabi/lib/armv7-m\libg_nano.a(lib_a-memcpy-stub.o)
                0x08004f24                memcpy
 .text.memset   0x08004f3a       0x10 c:/users/hiroshi/desktop/stm32toolchain/gnu-arm/5.4 2016q3/bin/../lib/gcc/arm-none-eabi/5.4.1/../../../../arm-none-eabi/lib/armv7-m\libg_nano.a(lib_a-memset.o)
                0x08004f3a                memset
 .text.__cvt    0x08004f4a       0xc0 c:/users/hiroshi/desktop/stm32toolchain/gnu-arm/5.4 2016q3/bin/../lib/gcc/arm-none-eabi/5.4.1/../../../../arm-none-eabi/lib/armv7-m\libg_nano.a(lib_a-nano-vfprintf_float.o)
                0x08004f4a                __cvt
 .text.__exponent
                0x0800500a       0x62 c:/users/hiroshi/desktop/stm32toolchain/gnu-arm/5.4 2016q3/bin/../lib/gcc/arm-none-eabi/5.4.1/../../../../arm-none-eabi/lib/armv7-m\libg_nano.a(lib_a-nano-vfprintf_float.o)
                0x0800500a                __exponent
 .text._printf_float
                0x0800506c      0x488 c:/users/hiroshi/desktop/stm32toolchain/gnu-arm/5.4 2016q3/bin/../lib/gcc/arm-none-eabi/5.4.1/../../../../arm-none-eabi/lib/armv7-m\libg_nano.a(lib_a-nano-vfprintf_float.o)
                0x0800506c                _printf_float
 .text._printf_common
                0x080054f4       0xec c:/users/hiroshi/desktop/stm32toolchain/gnu-arm/5.4 2016q3/bin/../lib/gcc/arm-none-eabi/5.4.1/../../../../arm-none-eabi/lib/armv7-m\libg_nano.a(lib_a-nano-vfprintf_i.o)
                0x080054f4                _printf_common
 .text._printf_i
                0x080055e0      0x24c c:/users/hiroshi/desktop/stm32toolchain/gnu-arm/5.4 2016q3/bin/../lib/gcc/arm-none-eabi/5.4.1/../../../../arm-none-eabi/lib/armv7-m\libg_nano.a(lib_a-nano-vfprintf_i.o)
                0x080055e0                _printf_i
 .text          0x0800582c       0x10 c:/users/hiroshi/desktop/stm32toolchain/gnu-arm/5.4 2016q3/bin/../lib/gcc/arm-none-eabi/5.4.1/../../../../arm-none-eabi/lib/armv7-m\libg_nano.a(lib_a-strlen.o)
                0x0800582c                strlen
 .text._vsnprintf_r
                0x0800583c       0x56 c:/users/hiroshi/desktop/stm32toolchain/gnu-arm/5.4 2016q3/bin/../lib/gcc/arm-none-eabi/5.4.1/../../../../arm-none-eabi/lib/armv7-m\libg_nano.a(lib_a-vsnprintf.o)
                0x0800583c                _vsniprintf_r
                0x0800583c                _vsnprintf_r
 *fill*         0x08005892        0x2 
 .text.vsnprintf
                0x08005894       0x1c c:/users/hiroshi/desktop/stm32toolchain/gnu-arm/5.4 2016q3/bin/../lib/gcc/arm-none-eabi/5.4.1/../../../../arm-none-eabi/lib/armv7-m\libg_nano.a(lib_a-vsnprintf.o)
                0x08005894                vsniprintf
                0x08005894                vsnprintf
 .text.quorem   0x080058b0      0x116 c:/users/hiroshi/desktop/stm32toolchain/gnu-arm/5.4 2016q3/bin/../lib/gcc/arm-none-eabi/5.4.1/../../../../arm-none-eabi/lib/armv7-m\libg_nano.a(lib_a-dtoa.o)
 *fill*         0x080059c6        0x2 
 .text._dtoa_r  0x080059c8      0xb30 c:/users/hiroshi/desktop/stm32toolchain/gnu-arm/5.4 2016q3/bin/../lib/gcc/arm-none-eabi/5.4.1/../../../../arm-none-eabi/lib/armv7-m\libg_nano.a(lib_a-dtoa.o)
                0x080059c8                _dtoa_r
 .text._localeconv_r
                0x080064f8       0x1c c:/users/hiroshi/desktop/stm32toolchain/gnu-arm/5.4 2016q3/bin/../lib/gcc/arm-none-eabi/5.4.1/../../../../arm-none-eabi/lib/armv7-m\libg_nano.a(lib_a-localeconv.o)
                0x080064f8                _localeconv_r
 .text.malloc   0x08006514       0x10 c:/users/hiroshi/desktop/stm32toolchain/gnu-arm/5.4 2016q3/bin/../lib/gcc/arm-none-eabi/5.4.1/../../../../arm-none-eabi/lib/armv7-m\libg_nano.a(lib_a-malloc.o)
                0x08006514                malloc
 .text.memchr   0x08006524       0x1c c:/users/hiroshi/desktop/stm32toolchain/gnu-arm/5.4 2016q3/bin/../lib/gcc/arm-none-eabi/5.4.1/../../../../arm-none-eabi/lib/armv7-m\libg_nano.a(lib_a-memchr-stub.o)
                0x08006524                memchr
 .text._Balloc  0x08006540       0x6a c:/users/hiroshi/desktop/stm32toolchain/gnu-arm/5.4 2016q3/bin/../lib/gcc/arm-none-eabi/5.4.1/../../../../arm-none-eabi/lib/armv7-m\libg_nano.a(lib_a-mprec.o)
                0x08006540                _Balloc
 .text._Bfree   0x080065aa       0x2e c:/users/hiroshi/desktop/stm32toolchain/gnu-arm/5.4 2016q3/bin/../lib/gcc/arm-none-eabi/5.4.1/../../../../arm-none-eabi/lib/armv7-m\libg_nano.a(lib_a-mprec.o)
                0x080065aa                _Bfree
 .text.__multadd
                0x080065d8       0x76 c:/users/hiroshi/desktop/stm32toolchain/gnu-arm/5.4 2016q3/bin/../lib/gcc/arm-none-eabi/5.4.1/../../../../arm-none-eabi/lib/armv7-m\libg_nano.a(lib_a-mprec.o)
                0x080065d8                __multadd
 .text.__hi0bits
                0x0800664e       0x40 c:/users/hiroshi/desktop/stm32toolchain/gnu-arm/5.4 2016q3/bin/../lib/gcc/arm-none-eabi/5.4.1/../../../../arm-none-eabi/lib/armv7-m\libg_nano.a(lib_a-mprec.o)
                0x0800664e                __hi0bits
 .text.__lo0bits
                0x0800668e       0x5a c:/users/hiroshi/desktop/stm32toolchain/gnu-arm/5.4 2016q3/bin/../lib/gcc/arm-none-eabi/5.4.1/../../../../arm-none-eabi/lib/armv7-m\libg_nano.a(lib_a-mprec.o)
                0x0800668e                __lo0bits
 .text.__i2b    0x080066e8       0x12 c:/users/hiroshi/desktop/stm32toolchain/gnu-arm/5.4 2016q3/bin/../lib/gcc/arm-none-eabi/5.4.1/../../../../arm-none-eabi/lib/armv7-m\libg_nano.a(lib_a-mprec.o)
                0x080066e8                __i2b
 .text.__multiply
                0x080066fa      0x120 c:/users/hiroshi/desktop/stm32toolchain/gnu-arm/5.4 2016q3/bin/../lib/gcc/arm-none-eabi/5.4.1/../../../../arm-none-eabi/lib/armv7-m\libg_nano.a(lib_a-mprec.o)
                0x080066fa                __multiply
 *fill*         0x0800681a        0x2 
 .text.__pow5mult
                0x0800681c       0x9c c:/users/hiroshi/desktop/stm32toolchain/gnu-arm/5.4 2016q3/bin/../lib/gcc/arm-none-eabi/5.4.1/../../../../arm-none-eabi/lib/armv7-m\libg_nano.a(lib_a-mprec.o)
                0x0800681c                __pow5mult
 .text.__lshift
                0x080068b8       0xa2 c:/users/hiroshi/desktop/stm32toolchain/gnu-arm/5.4 2016q3/bin/../lib/gcc/arm-none-eabi/5.4.1/../../../../arm-none-eabi/lib/armv7-m\libg_nano.a(lib_a-mprec.o)
                0x080068b8                __lshift
 .text.__mcmp   0x0800695a       0x38 c:/users/hiroshi/desktop/stm32toolchain/gnu-arm/5.4 2016q3/bin/../lib/gcc/arm-none-eabi/5.4.1/../../../../arm-none-eabi/lib/armv7-m\libg_nano.a(lib_a-mprec.o)
                0x0800695a                __mcmp
 .text.__mdiff  0x08006992       0xbe c:/users/hiroshi/desktop/stm32toolchain/gnu-arm/5.4 2016q3/bin/../lib/gcc/arm-none-eabi/5.4.1/../../../../arm-none-eabi/lib/armv7-m\libg_nano.a(lib_a-mprec.o)
                0x08006992                __mdiff
 .text.__d2b    0x08006a50       0x9c c:/users/hiroshi/desktop/stm32toolchain/gnu-arm/5.4 2016q3/bin/../lib/gcc/arm-none-eabi/5.4.1/../../../../arm-none-eabi/lib/armv7-m\libg_nano.a(lib_a-mprec.o)
                0x08006a50                __d2b
 .text._calloc_r
                0x08006aec       0x1c c:/users/hiroshi/desktop/stm32toolchain/gnu-arm/5.4 2016q3/bin/../lib/gcc/arm-none-eabi/5.4.1/../../../../arm-none-eabi/lib/armv7-m\libg_nano.a(lib_a-nano-callocr.o)
                0x08006aec                _calloc_r
 .text._free_r  0x08006b08       0x98 c:/users/hiroshi/desktop/stm32toolchain/gnu-arm/5.4 2016q3/bin/../lib/gcc/arm-none-eabi/5.4.1/../../../../arm-none-eabi/lib/armv7-m\libg_nano.a(lib_a-nano-freer.o)
                0x08006b08                _free_r
 .text._malloc_r
                0x08006ba0       0xbc c:/users/hiroshi/desktop/stm32toolchain/gnu-arm/5.4 2016q3/bin/../lib/gcc/arm-none-eabi/5.4.1/../../../../arm-none-eabi/lib/armv7-m\libg_nano.a(lib_a-nano-mallocr.o)
                0x08006ba0                _malloc_r
 .text.__ssputs_r
                0x08006c5c       0xb2 c:/users/hiroshi/desktop/stm32toolchain/gnu-arm/5.4 2016q3/bin/../lib/gcc/arm-none-eabi/5.4.1/../../../../arm-none-eabi/lib/armv7-m\libg_nano.a(lib_a-nano-svfprintf.o)
                0x08006c5c                __ssputs_r
 *fill*         0x08006d0e        0x2 
 .text._svfprintf_r
                0x08006d10      0x1e8 c:/users/hiroshi/desktop/stm32toolchain/gnu-arm/5.4 2016q3/bin/../lib/gcc/arm-none-eabi/5.4.1/../../../../arm-none-eabi/lib/armv7-m\libg_nano.a(lib_a-nano-svfprintf.o)
                0x08006d10                _svfiprintf_r
                0x08006d10                _svfprintf_r
 .text._sbrk_r  0x08006ef8       0x20 c:/users/hiroshi/desktop/stm32toolchain/gnu-arm/5.4 2016q3/bin/../lib/gcc/arm-none-eabi/5.4.1/../../../../arm-none-eabi/lib/armv7-m\libg_nano.a(lib_a-sbrkr.o)
                0x08006ef8                _sbrk_r
 .text.__ascii_mbtowc
                0x08006f18       0x24 c:/users/hiroshi/desktop/stm32toolchain/gnu-arm/5.4 2016q3/bin/../lib/gcc/arm-none-eabi/5.4.1/../../../../arm-none-eabi/lib/armv7-m\libg_nano.a(lib_a-mbtowc_r.o)
                0x08006f18                __ascii_mbtowc
 .text.memmove  0x08006f3c       0x36 c:/users/hiroshi/desktop/stm32toolchain/gnu-arm/5.4 2016q3/bin/../lib/gcc/arm-none-eabi/5.4.1/../../../../arm-none-eabi/lib/armv7-m\libg_nano.a(lib_a-memmove.o)
                0x08006f3c                memmove
 .text.__malloc_lock
                0x08006f72        0x2 c:/users/hiroshi/desktop/stm32toolchain/gnu-arm/5.4 2016q3/bin/../lib/gcc/arm-none-eabi/5.4.1/../../../../arm-none-eabi/lib/armv7-m\libg_nano.a(lib_a-mlock.o)
                0x08006f72                __malloc_lock
 .text.__malloc_unlock
                0x08006f74        0x2 c:/users/hiroshi/desktop/stm32toolchain/gnu-arm/5.4 2016q3/bin/../lib/gcc/arm-none-eabi/5.4.1/../../../../arm-none-eabi/lib/armv7-m\libg_nano.a(lib_a-mlock.o)
                0x08006f74                __malloc_unlock
 .text._realloc_r
                0x08006f76       0x4c c:/users/hiroshi/desktop/stm32toolchain/gnu-arm/5.4 2016q3/bin/../lib/gcc/arm-none-eabi/5.4.1/../../../../arm-none-eabi/lib/armv7-m\libg_nano.a(lib_a-nano-reallocr.o)
                0x08006f76                _realloc_r
 .text.__ascii_wctomb
                0x08006fc2       0x1a c:/users/hiroshi/desktop/stm32toolchain/gnu-arm/5.4 2016q3/bin/../lib/gcc/arm-none-eabi/5.4.1/../../../../arm-none-eabi/lib/armv7-m\libg_nano.a(lib_a-wctomb_r.o)
                0x08006fc2                __ascii_wctomb
 .text._malloc_usable_size_r
                0x08006fdc       0x14 c:/users/hiroshi/desktop/stm32toolchain/gnu-arm/5.4 2016q3/bin/../lib/gcc/arm-none-eabi/5.4.1/../../../../arm-none-eabi/lib/armv7-m\libg_nano.a(lib_a-nano-msizer.o)
                0x08006fdc                _malloc_usable_size_r
 .text          0x08006ff0       0x50 c:/users/hiroshi/desktop/stm32toolchain/gnu-arm/5.4 2016q3/bin/../lib/gcc/arm-none-eabi/5.4.1/armv7-m\libgcc.a(_arm_fixdfsi.o)
                0x08006ff0                __aeabi_d2iz
                0x08006ff0                __fixdfsi
 *(.rodata .rodata.* .constdata .constdata.*)
 .rodata        0x08007040       0x12 ./system/src/stm32f1xx/stm32f1xx_hal_rcc.o
 *fill*         0x08007052        0x2 
 .rodata.str1.4
                0x08007054      0x146 ./system/src/cortexm/exception_handlers.o
 *fill*         0x0800719a        0x2 
 .rodata.AHBPrescTable
                0x0800719c       0x10 ./system/src/cmsis/system_stm32f1xx.o
                0x0800719c                AHBPrescTable
 .rodata.APBPrescTable
                0x080071ac        0x8 ./system/src/cmsis/system_stm32f1xx.o
                0x080071ac                APBPrescTable
 .rodata.str1.4
                0x080071b4       0x59 ./src/main.o
 *fill*         0x0800720d        0x3 
 .rodata.str1.4
                0x08007210        0x5 ./Middlewares/Third_Party/FreeRTOS/Source/tasks.o
 *fill*         0x08007215        0x3 
 .rodata.str1.4
                0x08007218        0x8 c:/users/hiroshi/desktop/stm32toolchain/gnu-arm/5.4 2016q3/bin/../lib/gcc/arm-none-eabi/5.4.1/../../../../arm-none-eabi/lib/armv7-m\libm.a(lib_a-w_log10.o)
                                  0x9 (size before relaxing)
 .rodata.str1.1
                0x08007220       0x12 c:/users/hiroshi/desktop/stm32toolchain/gnu-arm/5.4 2016q3/bin/../lib/gcc/arm-none-eabi/5.4.1/../../../../arm-none-eabi/lib/armv7-m\libg_nano.a(lib_a-nano-vfprintf_float.o)
 .rodata.str1.1
                0x08007232       0x22 c:/users/hiroshi/desktop/stm32toolchain/gnu-arm/5.4 2016q3/bin/../lib/gcc/arm-none-eabi/5.4.1/../../../../arm-none-eabi/lib/armv7-m\libg_nano.a(lib_a-nano-vfprintf_i.o)
 .rodata.str1.1
                0x08007254        0xd c:/users/hiroshi/desktop/stm32toolchain/gnu-arm/5.4 2016q3/bin/../lib/gcc/arm-none-eabi/5.4.1/../../../../arm-none-eabi/lib/armv7-m\libg_nano.a(lib_a-dtoa.o)
                                  0xf (size before relaxing)
 *fill*         0x08007261        0x7 
 .rodata.__mprec_tens
                0x08007268       0xc8 c:/users/hiroshi/desktop/stm32toolchain/gnu-arm/5.4 2016q3/bin/../lib/gcc/arm-none-eabi/5.4.1/../../../../arm-none-eabi/lib/armv7-m\libg_nano.a(lib_a-mprec.o)
                0x08007268                __mprec_tens
 .rodata.__mprec_bigtens
                0x08007330       0x28 c:/users/hiroshi/desktop/stm32toolchain/gnu-arm/5.4 2016q3/bin/../lib/gcc/arm-none-eabi/5.4.1/../../../../arm-none-eabi/lib/armv7-m\libg_nano.a(lib_a-mprec.o)
                0x08007330                __mprec_bigtens
 .rodata.p05.6097
                0x08007358        0xc c:/users/hiroshi/desktop/stm32toolchain/gnu-arm/5.4 2016q3/bin/../lib/gcc/arm-none-eabi/5.4.1/../../../../arm-none-eabi/lib/armv7-m\libg_nano.a(lib_a-mprec.o)
 .rodata.str1.1
                0x08007364       0x11 c:/users/hiroshi/desktop/stm32toolchain/gnu-arm/5.4 2016q3/bin/../lib/gcc/arm-none-eabi/5.4.1/../../../../arm-none-eabi/lib/armv7-m\libg_nano.a(lib_a-nano-svfprintf.o)
 .rodata.str1.1
                0x08007375        0xa c:/users/hiroshi/desktop/stm32toolchain/gnu-arm/5.4 2016q3/bin/../lib/gcc/arm-none-eabi/5.4.1/../../../../arm-none-eabi/lib/armv7-m\libg_nano.a(lib_a-locale.o)
                                  0xb (size before relaxing)
 .rodata._ctype_
                0x0800737f      0x101 c:/users/hiroshi/desktop/stm32toolchain/gnu-arm/5.4 2016q3/bin/../lib/gcc/arm-none-eabi/5.4.1/../../../../arm-none-eabi/lib/armv7-m\libg_nano.a(lib_a-ctype_.o)
                0x0800737f                _ctype_
 *(vtable)
 *(.eh_frame*)
 *(.glue_7)
 .glue_7        0x08007480        0x0 linker stubs
 *(.glue_7t)
 .glue_7t       0x08007480        0x0 linker stubs

.vfp11_veneer   0x08007480        0x0
 .vfp11_veneer  0x08007480        0x0 linker stubs

.v4_bx          0x08007480        0x0
 .v4_bx         0x08007480        0x0 linker stubs

.iplt           0x08007480        0x0
 .iplt          0x08007480        0x0 ./system/src/stm32f1xx/stm32f1xx_hal.o

.rel.dyn        0x08007480        0x0
 .rel.iplt      0x08007480        0x0 ./system/src/stm32f1xx/stm32f1xx_hal.o

.ARM.extab
 *(.ARM.extab* .gnu.linkonce.armextab.*)
                0x08007480                . = ALIGN (0x4)
                0x08007480                __exidx_start = .

.ARM.exidx
 *(.ARM.exidx* .gnu.linkonce.armexidx.*)
                0x08007480                __exidx_end = .
                0x08007480                . = ALIGN (0x4)
                0x08007480                _etext = .
                0x08007480                __etext = .

.data_CCMRAM    0x10000000        0x0 load address 0x08007480
 FILL mask 0xff
 *(.data.CCMRAM .data.CCMRAM.*)
                0x10000000                . = ALIGN (0x4)
                0x08007480                _sidata = LOADADDR (.data)

.data           0x20000000      0x28c load address 0x08007480
 FILL mask 0xff
                0x20000000                _sdata = .
                0x20000000                __data_start__ = .
 *(.data_begin .data_begin.*)
 .data_begin    0x20000000        0x4 ./system/src/newlib/_startup.o
 *(.data .data.*)
 .data.argv.4290
                0x20000004        0x8 ./system/src/newlib/_syscalls.o
 .data.SystemCoreClock
                0x2000000c        0x4 ./system/src/cmsis/system_stm32f1xx.o
                0x2000000c                SystemCoreClock
 .data.Sensor_ID
                0x20000010       0x28 ./src/main.o
                0x20000010                Sensor_ID
 .data.lightAllLeds
                0x20000038       0x1c ./src/main.o
                0x20000038                lightAllLeds
 .data.config_reg_write
                0x20000054        0x2 ./src/main.o
                0x20000054                config_reg_write
 *fill*         0x20000056        0x2 ff
 .data.LEDinit  0x20000058       0x1c ./src/main.o
                0x20000058                LEDinit
 .data.CS_GPIO_Port
                0x20000074       0x28 ./src/main.o
                0x20000074                CS_GPIO_Port
 .data.CS_Pin   0x2000009c       0x14 ./src/main.o
                0x2000009c                CS_Pin
 .data.uxCriticalNesting
                0x200000b0        0x4 ./Middlewares/Third_Party/FreeRTOS/Source/portable/GCC/ARM_CM3/port.o
 .data.__fdlib_version
                0x200000b4        0x1 c:/users/hiroshi/desktop/stm32toolchain/gnu-arm/5.4 2016q3/bin/../lib/gcc/arm-none-eabi/5.4.1/../../../../arm-none-eabi/lib/armv7-m\libm.a(lib_a-s_lib_ver.o)
                0x200000b4                __fdlib_version
 *fill*         0x200000b5        0x3 ff
 .data.impure_data
                0x200000b8       0x60 c:/users/hiroshi/desktop/stm32toolchain/gnu-arm/5.4 2016q3/bin/../lib/gcc/arm-none-eabi/5.4.1/../../../../arm-none-eabi/lib/armv7-m\libg_nano.a(lib_a-impure.o)
 .data._impure_ptr
                0x20000118        0x4 c:/users/hiroshi/desktop/stm32toolchain/gnu-arm/5.4 2016q3/bin/../lib/gcc/arm-none-eabi/5.4.1/../../../../arm-none-eabi/lib/armv7-m\libg_nano.a(lib_a-impure.o)
                0x20000118                _impure_ptr
 .data.__global_locale
                0x2000011c      0x16c c:/users/hiroshi/desktop/stm32toolchain/gnu-arm/5.4 2016q3/bin/../lib/gcc/arm-none-eabi/5.4.1/../../../../arm-none-eabi/lib/armv7-m\libg_nano.a(lib_a-locale.o)
                0x2000011c                __global_locale
 *(.data_end .data_end.*)
 .data_end      0x20000288        0x4 ./system/src/newlib/_startup.o
                0x2000028c                . = ALIGN (0x4)
                0x2000028c                _edata = .
                0x2000028c                __data_end__ = .

.igot.plt       0x2000028c        0x0 load address 0x0800770c
 .igot.plt      0x2000028c        0x0 ./system/src/stm32f1xx/stm32f1xx_hal.o

.bss_CCMRAM     0x10000000        0x0
 *(.bss.CCMRAM .bss.CCMRAM.*)

.bss            0x20000290     0x1ccc
                0x20000290                __bss_start__ = .
                0x20000290                _sbss = .
 *(.bss_begin .bss_begin.*)
 .bss_begin     0x20000290        0x4 ./system/src/newlib/_startup.o
 *(.bss .bss.*)
 .bss.uwTick    0x20000294        0x4 ./system/src/stm32f1xx/stm32f1xx_hal.o
 .bss.uCRCErrorWorkaroundCheck
                0x20000298        0x1 ./system/src/stm32f1xx/stm32f1xx_hal_spi_ex.o
                0x20000298                uCRCErrorWorkaroundCheck
 *fill*         0x20000299        0x3 
 .bss.current_heap_end.3974
                0x2000029c        0x4 ./system/src/newlib/_sbrk.o
 .bss.name.4289
                0x200002a0        0x1 ./system/src/newlib/_syscalls.o
 *fill*         0x200002a1        0x3 
 .bss.buf.5179  0x200002a4       0x80 ./system/src/diag/Trace.o
 .bss.TemperatureValues_K
                0x20000324       0x28 ./src/main.o
                0x20000324                TemperatureValues_K
 .bss.TxMessage.7725
                0x2000034c       0x1c ./src/main.o
 .bss.ResistanceValues_K
                0x20000368       0x14 ./src/main.o
                0x20000368                ResistanceValues_K
 .bss.read_addr
                0x2000037c        0x1 ./src/main.o
                0x2000037c                read_addr
 *fill*         0x2000037d        0x3 
 .bss.Global_Queue_CS
                0x20000380        0x4 ./src/main.o
                0x20000380                Global_Queue_CS
 .bss.GPIO_InitStruct
                0x20000384       0x10 ./src/main.o
 .bss.RxMessage.7726
                0x20000394       0x24 ./src/main.o
 .bss.xFreeBytesRemaining
                0x200003b8        0x4 ./Middlewares/Third_Party/FreeRTOS/Source/portable/MemMang/heap_4.o
 .bss.pxEnd     0x200003bc        0x4 ./Middlewares/Third_Party/FreeRTOS/Source/portable/MemMang/heap_4.o
 .bss.xStart    0x200003c0        0x8 ./Middlewares/Third_Party/FreeRTOS/Source/portable/MemMang/heap_4.o
 .bss.ucHeap    0x200003c8     0x1770 ./Middlewares/Third_Party/FreeRTOS/Source/portable/MemMang/heap_4.o
 .bss.xBlockAllocatedBit
                0x20001b38        0x4 ./Middlewares/Third_Party/FreeRTOS/Source/portable/MemMang/heap_4.o
 .bss.xMinimumEverFreeBytesRemaining
                0x20001b3c        0x4 ./Middlewares/Third_Party/FreeRTOS/Source/portable/MemMang/heap_4.o
 .bss.ucMaxSysCallPriority
                0x20001b40        0x1 ./Middlewares/Third_Party/FreeRTOS/Source/portable/GCC/ARM_CM3/port.o
 *fill*         0x20001b41        0x3 
 .bss.ulMaxPRIGROUPValue
                0x20001b44        0x4 ./Middlewares/Third_Party/FreeRTOS/Source/portable/GCC/ARM_CM3/port.o
 .bss.pxDelayedTaskList
                0x20001b48        0x4 ./Middlewares/Third_Party/FreeRTOS/Source/tasks.o
 .bss.xSchedulerRunning
                0x20001b4c        0x4 ./Middlewares/Third_Party/FreeRTOS/Source/tasks.o
 .bss.uxTasksDeleted
                0x20001b50        0x4 ./Middlewares/Third_Party/FreeRTOS/Source/tasks.o
 .bss.xTasksWaitingTermination
                0x20001b54       0x14 ./Middlewares/Third_Party/FreeRTOS/Source/tasks.o
 .bss.uxPendedTicks
                0x20001b68        0x4 ./Middlewares/Third_Party/FreeRTOS/Source/tasks.o
 .bss.pxReadyTasksLists
                0x20001b6c       0x8c ./Middlewares/Third_Party/FreeRTOS/Source/tasks.o
 .bss.uxSchedulerSuspended
                0x20001bf8        0x4 ./Middlewares/Third_Party/FreeRTOS/Source/tasks.o
 .bss.uxCurrentNumberOfTasks
                0x20001bfc        0x4 ./Middlewares/Third_Party/FreeRTOS/Source/tasks.o
 .bss.pxCurrentTCB
                0x20001c00        0x4 ./Middlewares/Third_Party/FreeRTOS/Source/tasks.o
                0x20001c00                pxCurrentTCB
 .bss.xNextTaskUnblockTime
                0x20001c04        0x4 ./Middlewares/Third_Party/FreeRTOS/Source/tasks.o
 .bss.xNumOfOverflows
                0x20001c08        0x4 ./Middlewares/Third_Party/FreeRTOS/Source/tasks.o
 .bss.xTickCount
                0x20001c0c        0x4 ./Middlewares/Third_Party/FreeRTOS/Source/tasks.o
 .bss.pxOverflowDelayedTaskList
                0x20001c10        0x4 ./Middlewares/Third_Party/FreeRTOS/Source/tasks.o
 .bss.xPendingReadyList
                0x20001c14       0x14 ./Middlewares/Third_Party/FreeRTOS/Source/tasks.o
 .bss.uxTaskNumber
                0x20001c28        0x4 ./Middlewares/Third_Party/FreeRTOS/Source/tasks.o
 .bss.xDelayedTaskList1
                0x20001c2c       0x14 ./Middlewares/Third_Party/FreeRTOS/Source/tasks.o
 .bss.xDelayedTaskList2
                0x20001c40       0x14 ./Middlewares/Third_Party/FreeRTOS/Source/tasks.o
 .bss.xSuspendedTaskList
                0x20001c54       0x14 ./Middlewares/Third_Party/FreeRTOS/Source/tasks.o
 .bss.uxTopReadyPriority
                0x20001c68        0x4 ./Middlewares/Third_Party/FreeRTOS/Source/tasks.o
 .bss.xYieldPending
                0x20001c6c        0x4 ./Middlewares/Third_Party/FreeRTOS/Source/tasks.o
 .bss.__malloc_sbrk_start
                0x20001c70        0x4 c:/users/hiroshi/desktop/stm32toolchain/gnu-arm/5.4 2016q3/bin/../lib/gcc/arm-none-eabi/5.4.1/../../../../arm-none-eabi/lib/armv7-m\libg_nano.a(lib_a-nano-mallocr.o)
                0x20001c70                __malloc_sbrk_start
 .bss.__malloc_free_list
                0x20001c74        0x4 c:/users/hiroshi/desktop/stm32toolchain/gnu-arm/5.4 2016q3/bin/../lib/gcc/arm-none-eabi/5.4.1/../../../../arm-none-eabi/lib/armv7-m\libg_nano.a(lib_a-nano-mallocr.o)
                0x20001c74                __malloc_free_list
 *(COMMON)
 COMMON         0x20001c78        0x4 ./system/src/newlib/_syscalls.o
                0x20001c78                errno
 *fill*         0x20001c7c        0x4 
 COMMON         0x20001c80      0x2d8 ./src/main.o
                0x20001c80                tmp
                0x20001c88                Rrtd
                0x20001cc4                hspi2
                0x20001d20                p2
                0x20001d28                rtd_data
                0x20001d30                ID_tmp
                0x20001d34                hcan
                0x20001d78                p5
                0x20001d80                p6
                0x20001d88                huart1
                0x20001dc8                resistanceRTD
                0x20001dd0                logRTD
                0x20001dd8                receive
                0x20001ddc                hspi1
                0x20001e34                SlaveOutput
                0x20001e88                p3
                0x20001e90                Stop
                0x20001ed4                huart2
                0x20001f14                Trtd
                0x20001f50                p4
 *(.bss_end .bss_end.*)
 .bss_end       0x20001f58        0x4 ./system/src/newlib/_startup.o
                0x20001f5c                . = ALIGN (0x4)
                0x20001f5c                __bss_end__ = .
                0x20001f5c                _ebss = .

.noinit_CCMRAM
 *(.noinit.CCMRAM .noinit.CCMRAM.*)

.noinit         0x20001f5c        0x0
                0x20001f5c                _noinit = .
 *(.noinit .noinit.*)
                0x20001f5c                . = ALIGN (0x4)
                0x20001f5c                _end_noinit = .
                [!provide]                PROVIDE (end, _end_noinit)
                [!provide]                PROVIDE (_end, _end_noinit)
                [!provide]                PROVIDE (__end, _end_noinit)
                [!provide]                PROVIDE (__end__, _end_noinit)

._check_stack   0x20001f5c      0x100
                0x2000205c                . = (. + _Minimum_Stack_Size)
 *fill*         0x20001f5c      0x100 

.b1text
 *(.b1text)
 *(.b1rodata)
 *(.b1rodata.*)

.eb0text
 *(.eb0text)
 *(.eb0rodata)
 *(.eb0rodata.*)

.eb1text
 *(.eb1text)
 *(.eb1rodata)
 *(.eb1rodata.*)

.eb2text
 *(.eb2text)
 *(.eb2rodata)
 *(.eb2rodata.*)

.eb3text
 *(.eb3text)
 *(.eb3rodata)
 *(.eb3rodata.*)

.stab
 *(.stab)

.stabstr
 *(.stabstr)

.stab.excl
 *(.stab.excl)

.stab.exclstr
 *(.stab.exclstr)

.stab.index
 *(.stab.index)

.stab.indexstr
 *(.stab.indexstr)

.comment        0x00000000       0x6e
 *(.comment)
 .comment       0x00000000       0x6e ./system/src/stm32f1xx/stm32f1xx_hal.o
                                 0x6f (size before relaxing)
 .comment       0x0000006e       0x6f ./system/src/stm32f1xx/stm32f1xx_hal_can.o
 .comment       0x0000006e       0x6f ./system/src/stm32f1xx/stm32f1xx_hal_cortex.o
 .comment       0x0000006e       0x6f ./system/src/stm32f1xx/stm32f1xx_hal_gpio.o
 .comment       0x0000006e       0x6f ./system/src/stm32f1xx/stm32f1xx_hal_rcc.o
 .comment       0x0000006e       0x6f ./system/src/stm32f1xx/stm32f1xx_hal_spi.o
 .comment       0x0000006e       0x6f ./system/src/stm32f1xx/stm32f1xx_hal_spi_ex.o
 .comment       0x0000006e       0x6f ./system/src/stm32f1xx/stm32f1xx_hal_uart.o
 .comment       0x0000006e       0x6f ./system/src/newlib/_exit.o
 .comment       0x0000006e       0x6f ./system/src/newlib/_sbrk.o
 .comment       0x0000006e       0x6f ./system/src/newlib/_startup.o
 .comment       0x0000006e       0x6f ./system/src/newlib/_syscalls.o
 .comment       0x0000006e       0x6f ./system/src/diag/Trace.o
 .comment       0x0000006e       0x6f ./system/src/diag/trace_impl.o
 .comment       0x0000006e       0x6f ./system/src/cortexm/_initialize_hardware.o
 .comment       0x0000006e       0x6f ./system/src/cortexm/exception_handlers.o
 .comment       0x0000006e       0x6f ./system/src/cmsis/system_stm32f1xx.o
 .comment       0x0000006e       0x6f ./src/main.o
 .comment       0x0000006e       0x6f ./src/stm32f1xx_hal_msp.o
 .comment       0x0000006e       0x6f ./src/stm32f1xx_it.o
 .comment       0x0000006e       0x6f ./Middlewares/Third_Party/FreeRTOS/Source/portable/MemMang/heap_4.o
 .comment       0x0000006e       0x6f ./Middlewares/Third_Party/FreeRTOS/Source/portable/GCC/ARM_CM3/port.o
 .comment       0x0000006e       0x6f ./Middlewares/Third_Party/FreeRTOS/Source/CMSIS_RTOS/cmsis_os.o
 .comment       0x0000006e       0x6f ./Middlewares/Third_Party/FreeRTOS/Source/list.o
 .comment       0x0000006e       0x6f ./Middlewares/Third_Party/FreeRTOS/Source/queue.o
 .comment       0x0000006e       0x6f ./Middlewares/Third_Party/FreeRTOS/Source/tasks.o

.ARM.attributes
                0x00000000       0x31
 .ARM.attributes
                0x00000000       0x33 ./system/src/stm32f1xx/stm32f1xx_hal.o
 .ARM.attributes
                0x00000033       0x33 ./system/src/stm32f1xx/stm32f1xx_hal_can.o
 .ARM.attributes
                0x00000066       0x33 ./system/src/stm32f1xx/stm32f1xx_hal_cortex.o
 .ARM.attributes
                0x00000099       0x33 ./system/src/stm32f1xx/stm32f1xx_hal_gpio.o
 .ARM.attributes
                0x000000cc       0x33 ./system/src/stm32f1xx/stm32f1xx_hal_rcc.o
 .ARM.attributes
                0x000000ff       0x33 ./system/src/stm32f1xx/stm32f1xx_hal_spi.o
 .ARM.attributes
                0x00000132       0x33 ./system/src/stm32f1xx/stm32f1xx_hal_spi_ex.o
 .ARM.attributes
                0x00000165       0x33 ./system/src/stm32f1xx/stm32f1xx_hal_uart.o
 .ARM.attributes
                0x00000198       0x33 ./system/src/newlib/_exit.o
 .ARM.attributes
                0x000001cb       0x33 ./system/src/newlib/_sbrk.o
 .ARM.attributes
                0x000001fe       0x33 ./system/src/newlib/_startup.o
 .ARM.attributes
                0x00000231       0x33 ./system/src/newlib/_syscalls.o
 .ARM.attributes
                0x00000264       0x33 ./system/src/diag/Trace.o
 .ARM.attributes
                0x00000297       0x33 ./system/src/diag/trace_impl.o
 .ARM.attributes
                0x000002ca       0x33 ./system/src/cortexm/_initialize_hardware.o
 .ARM.attributes
                0x000002fd       0x33 ./system/src/cortexm/exception_handlers.o
 .ARM.attributes
                0x00000330       0x21 ./system/src/cmsis/startup_stm32f103xb.o
 .ARM.attributes
                0x00000351       0x33 ./system/src/cmsis/system_stm32f1xx.o
 .ARM.attributes
                0x00000384       0x33 ./src/main.o
 .ARM.attributes
                0x000003b7       0x33 ./src/stm32f1xx_hal_msp.o
 .ARM.attributes
                0x000003ea       0x33 ./src/stm32f1xx_it.o
 .ARM.attributes
                0x0000041d       0x33 ./Middlewares/Third_Party/FreeRTOS/Source/portable/MemMang/heap_4.o
 .ARM.attributes
                0x00000450       0x33 ./Middlewares/Third_Party/FreeRTOS/Source/portable/GCC/ARM_CM3/port.o
 .ARM.attributes
                0x00000483       0x33 ./Middlewares/Third_Party/FreeRTOS/Source/CMSIS_RTOS/cmsis_os.o
 .ARM.attributes
                0x000004b6       0x33 ./Middlewares/Third_Party/FreeRTOS/Source/list.o
 .ARM.attributes
                0x000004e9       0x33 ./Middlewares/Third_Party/FreeRTOS/Source/queue.o
 .ARM.attributes
                0x0000051c       0x33 ./Middlewares/Third_Party/FreeRTOS/Source/tasks.o
 .ARM.attributes
                0x0000054f       0x2d c:/users/hiroshi/desktop/stm32toolchain/gnu-arm/5.4 2016q3/bin/../lib/gcc/arm-none-eabi/5.4.1/../../../../arm-none-eabi/lib/armv7-m\libm.a(lib_a-w_log10.o)
 .ARM.attributes
                0x0000057c       0x2d c:/users/hiroshi/desktop/stm32toolchain/gnu-arm/5.4 2016q3/bin/../lib/gcc/arm-none-eabi/5.4.1/../../../../arm-none-eabi/lib/armv7-m\libm.a(lib_a-e_log10.o)
 .ARM.attributes
                0x000005a9       0x2d c:/users/hiroshi/desktop/stm32toolchain/gnu-arm/5.4 2016q3/bin/../lib/gcc/arm-none-eabi/5.4.1/../../../../arm-none-eabi/lib/armv7-m\libm.a(lib_a-s_lib_ver.o)
 .ARM.attributes
                0x000005d6       0x2d c:/users/hiroshi/desktop/stm32toolchain/gnu-arm/5.4 2016q3/bin/../lib/gcc/arm-none-eabi/5.4.1/../../../../arm-none-eabi/lib/armv7-m\libm.a(lib_a-s_matherr.o)
 .ARM.attributes
                0x00000603       0x2d c:/users/hiroshi/desktop/stm32toolchain/gnu-arm/5.4 2016q3/bin/../lib/gcc/arm-none-eabi/5.4.1/../../../../arm-none-eabi/lib/armv7-m\libm.a(lib_a-s_nan.o)
 .ARM.attributes
                0x00000630       0x2d c:/users/hiroshi/desktop/stm32toolchain/gnu-arm/5.4 2016q3/bin/../lib/gcc/arm-none-eabi/5.4.1/../../../../arm-none-eabi/lib/armv7-m\libm.a(lib_a-e_log.o)
 .ARM.attributes
                0x0000065d       0x1d c:/users/hiroshi/desktop/stm32toolchain/gnu-arm/5.4 2016q3/bin/../lib/gcc/arm-none-eabi/5.4.1/armv7-m\libgcc.a(_arm_addsubdf3.o)
 .ARM.attributes
                0x0000067a       0x1d c:/users/hiroshi/desktop/stm32toolchain/gnu-arm/5.4 2016q3/bin/../lib/gcc/arm-none-eabi/5.4.1/armv7-m\libgcc.a(_arm_muldivdf3.o)
 .ARM.attributes
                0x00000697       0x1d c:/users/hiroshi/desktop/stm32toolchain/gnu-arm/5.4 2016q3/bin/../lib/gcc/arm-none-eabi/5.4.1/armv7-m\libgcc.a(_arm_cmpdf2.o)
 .ARM.attributes
                0x000006b4       0x1d c:/users/hiroshi/desktop/stm32toolchain/gnu-arm/5.4 2016q3/bin/../lib/gcc/arm-none-eabi/5.4.1/armv7-m\libgcc.a(_arm_unorddf2.o)
 .ARM.attributes
                0x000006d1       0x1d c:/users/hiroshi/desktop/stm32toolchain/gnu-arm/5.4 2016q3/bin/../lib/gcc/arm-none-eabi/5.4.1/armv7-m\libgcc.a(_arm_fixunsdfsi.o)
 .ARM.attributes
                0x000006ee       0x2d c:/users/hiroshi/desktop/stm32toolchain/gnu-arm/5.4 2016q3/bin/../lib/gcc/arm-none-eabi/5.4.1/../../../../arm-none-eabi/lib/armv7-m\libg_nano.a(lib_a-errno.o)
 .ARM.attributes
                0x0000071b       0x2d c:/users/hiroshi/desktop/stm32toolchain/gnu-arm/5.4 2016q3/bin/../lib/gcc/arm-none-eabi/5.4.1/../../../../arm-none-eabi/lib/armv7-m\libg_nano.a(lib_a-impure.o)
 .ARM.attributes
                0x00000748       0x2d c:/users/hiroshi/desktop/stm32toolchain/gnu-arm/5.4 2016q3/bin/../lib/gcc/arm-none-eabi/5.4.1/../../../../arm-none-eabi/lib/armv7-m\libg_nano.a(lib_a-memcpy-stub.o)
 .ARM.attributes
                0x00000775       0x2d c:/users/hiroshi/desktop/stm32toolchain/gnu-arm/5.4 2016q3/bin/../lib/gcc/arm-none-eabi/5.4.1/../../../../arm-none-eabi/lib/armv7-m\libg_nano.a(lib_a-memset.o)
 .ARM.attributes
                0x000007a2       0x2d c:/users/hiroshi/desktop/stm32toolchain/gnu-arm/5.4 2016q3/bin/../lib/gcc/arm-none-eabi/5.4.1/../../../../arm-none-eabi/lib/armv7-m\libg_nano.a(lib_a-nano-vfprintf_float.o)
 .ARM.attributes
                0x000007cf       0x2d c:/users/hiroshi/desktop/stm32toolchain/gnu-arm/5.4 2016q3/bin/../lib/gcc/arm-none-eabi/5.4.1/../../../../arm-none-eabi/lib/armv7-m\libg_nano.a(lib_a-nano-vfprintf_i.o)
 .ARM.attributes
                0x000007fc       0x17 c:/users/hiroshi/desktop/stm32toolchain/gnu-arm/5.4 2016q3/bin/../lib/gcc/arm-none-eabi/5.4.1/../../../../arm-none-eabi/lib/armv7-m\libg_nano.a(lib_a-strlen.o)
 .ARM.attributes
                0x00000813       0x2d c:/users/hiroshi/desktop/stm32toolchain/gnu-arm/5.4 2016q3/bin/../lib/gcc/arm-none-eabi/5.4.1/../../../../arm-none-eabi/lib/armv7-m\libg_nano.a(lib_a-vsnprintf.o)
 .ARM.attributes
                0x00000840       0x2d c:/users/hiroshi/desktop/stm32toolchain/gnu-arm/5.4 2016q3/bin/../lib/gcc/arm-none-eabi/5.4.1/../../../../arm-none-eabi/lib/armv7-m\libg_nano.a(lib_a-dtoa.o)
 .ARM.attributes
                0x0000086d       0x2d c:/users/hiroshi/desktop/stm32toolchain/gnu-arm/5.4 2016q3/bin/../lib/gcc/arm-none-eabi/5.4.1/../../../../arm-none-eabi/lib/armv7-m\libg_nano.a(lib_a-localeconv.o)
 .ARM.attributes
                0x0000089a       0x2d c:/users/hiroshi/desktop/stm32toolchain/gnu-arm/5.4 2016q3/bin/../lib/gcc/arm-none-eabi/5.4.1/../../../../arm-none-eabi/lib/armv7-m\libg_nano.a(lib_a-malloc.o)
 .ARM.attributes
                0x000008c7       0x2d c:/users/hiroshi/desktop/stm32toolchain/gnu-arm/5.4 2016q3/bin/../lib/gcc/arm-none-eabi/5.4.1/../../../../arm-none-eabi/lib/armv7-m\libg_nano.a(lib_a-memchr-stub.o)
 .ARM.attributes
                0x000008f4       0x2d c:/users/hiroshi/desktop/stm32toolchain/gnu-arm/5.4 2016q3/bin/../lib/gcc/arm-none-eabi/5.4.1/../../../../arm-none-eabi/lib/armv7-m\libg_nano.a(lib_a-mprec.o)
 .ARM.attributes
                0x00000921       0x2d c:/users/hiroshi/desktop/stm32toolchain/gnu-arm/5.4 2016q3/bin/../lib/gcc/arm-none-eabi/5.4.1/../../../../arm-none-eabi/lib/armv7-m\libg_nano.a(lib_a-nano-callocr.o)
 .ARM.attributes
                0x0000094e       0x2d c:/users/hiroshi/desktop/stm32toolchain/gnu-arm/5.4 2016q3/bin/../lib/gcc/arm-none-eabi/5.4.1/../../../../arm-none-eabi/lib/armv7-m\libg_nano.a(lib_a-nano-freer.o)
 .ARM.attributes
                0x0000097b       0x2d c:/users/hiroshi/desktop/stm32toolchain/gnu-arm/5.4 2016q3/bin/../lib/gcc/arm-none-eabi/5.4.1/../../../../arm-none-eabi/lib/armv7-m\libg_nano.a(lib_a-nano-mallocr.o)
 .ARM.attributes
                0x000009a8       0x2d c:/users/hiroshi/desktop/stm32toolchain/gnu-arm/5.4 2016q3/bin/../lib/gcc/arm-none-eabi/5.4.1/../../../../arm-none-eabi/lib/armv7-m\libg_nano.a(lib_a-nano-svfprintf.o)
 .ARM.attributes
                0x000009d5       0x2d c:/users/hiroshi/desktop/stm32toolchain/gnu-arm/5.4 2016q3/bin/../lib/gcc/arm-none-eabi/5.4.1/../../../../arm-none-eabi/lib/armv7-m\libg_nano.a(lib_a-sbrkr.o)
 .ARM.attributes
                0x00000a02       0x2d c:/users/hiroshi/desktop/stm32toolchain/gnu-arm/5.4 2016q3/bin/../lib/gcc/arm-none-eabi/5.4.1/../../../../arm-none-eabi/lib/armv7-m\libg_nano.a(lib_a-locale.o)
 .ARM.attributes
                0x00000a2f       0x2d c:/users/hiroshi/desktop/stm32toolchain/gnu-arm/5.4 2016q3/bin/../lib/gcc/arm-none-eabi/5.4.1/../../../../arm-none-eabi/lib/armv7-m\libg_nano.a(lib_a-mbtowc_r.o)
 .ARM.attributes
                0x00000a5c       0x2d c:/users/hiroshi/desktop/stm32toolchain/gnu-arm/5.4 2016q3/bin/../lib/gcc/arm-none-eabi/5.4.1/../../../../arm-none-eabi/lib/armv7-m\libg_nano.a(lib_a-memmove.o)
 .ARM.attributes
                0x00000a89       0x2d c:/users/hiroshi/desktop/stm32toolchain/gnu-arm/5.4 2016q3/bin/../lib/gcc/arm-none-eabi/5.4.1/../../../../arm-none-eabi/lib/armv7-m\libg_nano.a(lib_a-mlock.o)
 .ARM.attributes
                0x00000ab6       0x2d c:/users/hiroshi/desktop/stm32toolchain/gnu-arm/5.4 2016q3/bin/../lib/gcc/arm-none-eabi/5.4.1/../../../../arm-none-eabi/lib/armv7-m\libg_nano.a(lib_a-nano-reallocr.o)
 .ARM.attributes
                0x00000ae3       0x2d c:/users/hiroshi/desktop/stm32toolchain/gnu-arm/5.4 2016q3/bin/../lib/gcc/arm-none-eabi/5.4.1/../../../../arm-none-eabi/lib/armv7-m\libg_nano.a(lib_a-wctomb_r.o)
 .ARM.attributes
                0x00000b10       0x2d c:/users/hiroshi/desktop/stm32toolchain/gnu-arm/5.4 2016q3/bin/../lib/gcc/arm-none-eabi/5.4.1/../../../../arm-none-eabi/lib/armv7-m\libg_nano.a(lib_a-ctype_.o)
 .ARM.attributes
                0x00000b3d       0x2d c:/users/hiroshi/desktop/stm32toolchain/gnu-arm/5.4 2016q3/bin/../lib/gcc/arm-none-eabi/5.4.1/../../../../arm-none-eabi/lib/armv7-m\libg_nano.a(lib_a-nano-msizer.o)
 .ARM.attributes
                0x00000b6a       0x1d c:/users/hiroshi/desktop/stm32toolchain/gnu-arm/5.4 2016q3/bin/../lib/gcc/arm-none-eabi/5.4.1/armv7-m\libgcc.a(_arm_fixdfsi.o)

.debug
 *(.debug)

.line
 *(.line)

.debug_srcinfo
 *(.debug_srcinfo)

.debug_sfnames
 *(.debug_sfnames)

.debug_aranges  0x00000000      0xe28
 *(.debug_aranges)
 .debug_aranges
                0x00000000       0xb0 ./system/src/stm32f1xx/stm32f1xx_hal.o
 .debug_aranges
                0x000000b0       0xb0 ./system/src/stm32f1xx/stm32f1xx_hal_can.o
 .debug_aranges
                0x00000160       0x90 ./system/src/stm32f1xx/stm32f1xx_hal_cortex.o
 .debug_aranges
                0x000001f0       0x58 ./system/src/stm32f1xx/stm32f1xx_hal_gpio.o
 .debug_aranges
                0x00000248       0x88 ./system/src/stm32f1xx/stm32f1xx_hal_rcc.o
 .debug_aranges
                0x000002d0      0x158 ./system/src/stm32f1xx/stm32f1xx_hal_spi.o
 .debug_aranges
                0x00000428       0x28 ./system/src/stm32f1xx/stm32f1xx_hal_spi_ex.o
 .debug_aranges
                0x00000450      0x150 ./system/src/stm32f1xx/stm32f1xx_hal_uart.o
 .debug_aranges
                0x000005a0       0x28 ./system/src/newlib/_exit.o
 .debug_aranges
                0x000005c8       0x20 ./system/src/newlib/_sbrk.o
 .debug_aranges
                0x000005e8       0x40 ./system/src/newlib/_startup.o
 .debug_aranges
                0x00000628       0x30 ./system/src/newlib/_syscalls.o
 .debug_aranges
                0x00000658       0x38 ./system/src/diag/Trace.o
 .debug_aranges
                0x00000690       0x28 ./system/src/diag/trace_impl.o
 .debug_aranges
                0x000006b8       0x28 ./system/src/cortexm/_initialize_hardware.o
 .debug_aranges
                0x000006e0       0x88 ./system/src/cortexm/exception_handlers.o
 .debug_aranges
                0x00000768       0x28 ./system/src/cmsis/startup_stm32f103xb.o
 .debug_aranges
                0x00000790       0x28 ./system/src/cmsis/system_stm32f1xx.o
 .debug_aranges
                0x000007b8       0xa8 ./src/main.o
 .debug_aranges
                0x00000860       0x50 ./src/stm32f1xx_hal_msp.o
 .debug_aranges
                0x000008b0       0x58 ./src/stm32f1xx_it.o
 .debug_aranges
                0x00000908       0x50 ./Middlewares/Third_Party/FreeRTOS/Source/portable/MemMang/heap_4.o
 .debug_aranges
                0x00000958       0x90 ./Middlewares/Third_Party/FreeRTOS/Source/portable/GCC/ARM_CM3/port.o
 .debug_aranges
                0x000009e8      0x1b0 ./Middlewares/Third_Party/FreeRTOS/Source/CMSIS_RTOS/cmsis_os.o
 .debug_aranges
                0x00000b98       0x40 ./Middlewares/Third_Party/FreeRTOS/Source/list.o
 .debug_aranges
                0x00000bd8       0xc8 ./Middlewares/Third_Party/FreeRTOS/Source/queue.o
 .debug_aranges
                0x00000ca0      0x188 ./Middlewares/Third_Party/FreeRTOS/Source/tasks.o

.debug_pubnames
 *(.debug_pubnames)

.debug_info     0x00000000    0x104c0
 *(.debug_info .gnu.linkonce.wi.*)
 .debug_info    0x00000000      0x683 ./system/src/stm32f1xx/stm32f1xx_hal.o
 .debug_info    0x00000683      0xb7b ./system/src/stm32f1xx/stm32f1xx_hal_can.o
 .debug_info    0x000011fe      0xc12 ./system/src/stm32f1xx/stm32f1xx_hal_cortex.o
 .debug_info    0x00001e10      0x5e7 ./system/src/stm32f1xx/stm32f1xx_hal_gpio.o
 .debug_info    0x000023f7     0x127f ./system/src/stm32f1xx/stm32f1xx_hal_rcc.o
 .debug_info    0x00003676     0x156a ./system/src/stm32f1xx/stm32f1xx_hal_spi.o
 .debug_info    0x00004be0      0x581 ./system/src/stm32f1xx/stm32f1xx_hal_spi_ex.o
 .debug_info    0x00005161     0x10c9 ./system/src/stm32f1xx/stm32f1xx_hal_uart.o
 .debug_info    0x0000622a       0xef ./system/src/newlib/_exit.o
 .debug_info    0x00006319      0x11f ./system/src/newlib/_sbrk.o
 .debug_info    0x00006438      0x455 ./system/src/newlib/_startup.o
 .debug_info    0x0000688d      0x1c7 ./system/src/newlib/_syscalls.o
 .debug_info    0x00006a54      0x2e7 ./system/src/diag/Trace.o
 .debug_info    0x00006d3b      0x114 ./system/src/diag/trace_impl.o
 .debug_info    0x00006e4f      0x2b1 ./system/src/cortexm/_initialize_hardware.o
 .debug_info    0x00007100      0x79d ./system/src/cortexm/exception_handlers.o
 .debug_info    0x0000789d       0x98 ./system/src/cmsis/startup_stm32f103xb.o
 .debug_info    0x00007935      0x3bc ./system/src/cmsis/system_stm32f1xx.o
 .debug_info    0x00007cf1     0x210b ./src/main.o
 .debug_info    0x00009dfc     0x128f ./src/stm32f1xx_hal_msp.o
 .debug_info    0x0000b08b      0x185 ./src/stm32f1xx_it.o
 .debug_info    0x0000b210      0x3a1 ./Middlewares/Third_Party/FreeRTOS/Source/portable/MemMang/heap_4.o
 .debug_info    0x0000b5b1      0x3d7 ./Middlewares/Third_Party/FreeRTOS/Source/portable/GCC/ARM_CM3/port.o
 .debug_info    0x0000b988     0x1961 ./Middlewares/Third_Party/FreeRTOS/Source/CMSIS_RTOS/cmsis_os.o
 .debug_info    0x0000d2e9      0x29a ./Middlewares/Third_Party/FreeRTOS/Source/list.o
 .debug_info    0x0000d583     0x120d ./Middlewares/Third_Party/FreeRTOS/Source/queue.o
 .debug_info    0x0000e790     0x1d30 ./Middlewares/Third_Party/FreeRTOS/Source/tasks.o

.debug_abbrev   0x00000000     0x2c7a
 *(.debug_abbrev)
 .debug_abbrev  0x00000000      0x21f ./system/src/stm32f1xx/stm32f1xx_hal.o
 .debug_abbrev  0x0000021f      0x206 ./system/src/stm32f1xx/stm32f1xx_hal_can.o
 .debug_abbrev  0x00000425      0x2bd ./system/src/stm32f1xx/stm32f1xx_hal_cortex.o
 .debug_abbrev  0x000006e2      0x1cd ./system/src/stm32f1xx/stm32f1xx_hal_gpio.o
 .debug_abbrev  0x000008af      0x287 ./system/src/stm32f1xx/stm32f1xx_hal_rcc.o
 .debug_abbrev  0x00000b36      0x22a ./system/src/stm32f1xx/stm32f1xx_hal_spi.o
 .debug_abbrev  0x00000d60      0x160 ./system/src/stm32f1xx/stm32f1xx_hal_spi_ex.o
 .debug_abbrev  0x00000ec0      0x228 ./system/src/stm32f1xx/stm32f1xx_hal_uart.o
 .debug_abbrev  0x000010e8       0x8e ./system/src/newlib/_exit.o
 .debug_abbrev  0x00001176       0xb9 ./system/src/newlib/_sbrk.o
 .debug_abbrev  0x0000122f      0x1ac ./system/src/newlib/_startup.o
 .debug_abbrev  0x000013db       0xec ./system/src/newlib/_syscalls.o
 .debug_abbrev  0x000014c7      0x156 ./system/src/diag/Trace.o
 .debug_abbrev  0x0000161d       0xb4 ./system/src/diag/trace_impl.o
 .debug_abbrev  0x000016d1       0xea ./system/src/cortexm/_initialize_hardware.o
 .debug_abbrev  0x000017bb      0x1d4 ./system/src/cortexm/exception_handlers.o
 .debug_abbrev  0x0000198f       0x12 ./system/src/cmsis/startup_stm32f103xb.o
 .debug_abbrev  0x000019a1      0x125 ./system/src/cmsis/system_stm32f1xx.o
 .debug_abbrev  0x00001ac6      0x341 ./src/main.o
 .debug_abbrev  0x00001e07      0x1f2 ./src/stm32f1xx_hal_msp.o
 .debug_abbrev  0x00001ff9       0xd2 ./src/stm32f1xx_it.o
 .debug_abbrev  0x000020cb      0x1bf ./Middlewares/Third_Party/FreeRTOS/Source/portable/MemMang/heap_4.o
 .debug_abbrev  0x0000228a      0x1ff ./Middlewares/Third_Party/FreeRTOS/Source/portable/GCC/ARM_CM3/port.o
 .debug_abbrev  0x00002489      0x2ac ./Middlewares/Third_Party/FreeRTOS/Source/CMSIS_RTOS/cmsis_os.o
 .debug_abbrev  0x00002735       0xdf ./Middlewares/Third_Party/FreeRTOS/Source/list.o
 .debug_abbrev  0x00002814      0x1cb ./Middlewares/Third_Party/FreeRTOS/Source/queue.o
 .debug_abbrev  0x000029df      0x29b ./Middlewares/Third_Party/FreeRTOS/Source/tasks.o

.debug_line     0x00000000     0xaaa4
 *(.debug_line)
 .debug_line    0x00000000      0x726 ./system/src/stm32f1xx/stm32f1xx_hal.o
 .debug_line    0x00000726      0x9b6 ./system/src/stm32f1xx/stm32f1xx_hal_can.o
 .debug_line    0x000010dc      0x762 ./system/src/stm32f1xx/stm32f1xx_hal_cortex.o
 .debug_line    0x0000183e      0x74c ./system/src/stm32f1xx/stm32f1xx_hal_gpio.o
 .debug_line    0x00001f8a      0xa99 ./system/src/stm32f1xx/stm32f1xx_hal_rcc.o
 .debug_line    0x00002a23      0xe14 ./system/src/stm32f1xx/stm32f1xx_hal_spi.o
 .debug_line    0x00003837      0x602 ./system/src/stm32f1xx/stm32f1xx_hal_spi_ex.o
 .debug_line    0x00003e39      0xc1d ./system/src/stm32f1xx/stm32f1xx_hal_uart.o
 .debug_line    0x00004a56      0x345 ./system/src/newlib/_exit.o
 .debug_line    0x00004d9b      0x2f6 ./system/src/newlib/_sbrk.o
 .debug_line    0x00005091      0x3ac ./system/src/newlib/_startup.o
 .debug_line    0x0000543d      0x413 ./system/src/newlib/_syscalls.o
 .debug_line    0x00005850      0x3b3 ./system/src/diag/Trace.o
 .debug_line    0x00005c03      0x3f5 ./system/src/diag/trace_impl.o
 .debug_line    0x00005ff8      0x1a9 ./system/src/cortexm/_initialize_hardware.o
 .debug_line    0x000061a1      0x4e0 ./system/src/cortexm/exception_handlers.o
 .debug_line    0x00006681       0x86 ./system/src/cmsis/startup_stm32f103xb.o
 .debug_line    0x00006707      0x1b1 ./system/src/cmsis/system_stm32f1xx.o
 .debug_line    0x000068b8      0xa12 ./src/main.o
 .debug_line    0x000072ca      0x673 ./src/stm32f1xx_hal_msp.o
 .debug_line    0x0000793d      0x7c0 ./src/stm32f1xx_it.o
 .debug_line    0x000080fd      0x4d5 ./Middlewares/Third_Party/FreeRTOS/Source/portable/MemMang/heap_4.o
 .debug_line    0x000085d2      0x32a ./Middlewares/Third_Party/FreeRTOS/Source/portable/GCC/ARM_CM3/port.o
 .debug_line    0x000088fc      0x9b3 ./Middlewares/Third_Party/FreeRTOS/Source/CMSIS_RTOS/cmsis_os.o
 .debug_line    0x000092af      0x424 ./Middlewares/Third_Party/FreeRTOS/Source/list.o
 .debug_line    0x000096d3      0x839 ./Middlewares/Third_Party/FreeRTOS/Source/queue.o
 .debug_line    0x00009f0c      0xb98 ./Middlewares/Third_Party/FreeRTOS/Source/tasks.o

.debug_frame    0x00000000     0x2cac
 *(.debug_frame)
 .debug_frame   0x00000000      0x168 ./system/src/stm32f1xx/stm32f1xx_hal.o
 .debug_frame   0x00000168      0x200 ./system/src/stm32f1xx/stm32f1xx_hal_can.o
 .debug_frame   0x00000368      0x124 ./system/src/stm32f1xx/stm32f1xx_hal_cortex.o
 .debug_frame   0x0000048c       0xc4 ./system/src/stm32f1xx/stm32f1xx_hal_gpio.o
 .debug_frame   0x00000550      0x158 ./system/src/stm32f1xx/stm32f1xx_hal_rcc.o
 .debug_frame   0x000006a8      0x3e0 ./system/src/stm32f1xx/stm32f1xx_hal_spi.o
 .debug_frame   0x00000a88       0x3c ./system/src/stm32f1xx/stm32f1xx_hal_spi_ex.o
 .debug_frame   0x00000ac4      0x378 ./system/src/stm32f1xx/stm32f1xx_hal_uart.o
 .debug_frame   0x00000e3c       0x38 ./system/src/newlib/_exit.o
 .debug_frame   0x00000e74       0x28 ./system/src/newlib/_sbrk.o
 .debug_frame   0x00000e9c       0x7c ./system/src/newlib/_startup.o
 .debug_frame   0x00000f18       0x50 ./system/src/newlib/_syscalls.o
 .debug_frame   0x00000f68       0x94 ./system/src/diag/Trace.o
 .debug_frame   0x00000ffc       0x30 ./system/src/diag/trace_impl.o
 .debug_frame   0x0000102c       0x40 ./system/src/cortexm/_initialize_hardware.o
 .debug_frame   0x0000106c      0x144 ./system/src/cortexm/exception_handlers.o
 .debug_frame   0x000011b0       0x30 ./system/src/cmsis/system_stm32f1xx.o
 .debug_frame   0x000011e0      0x1fc ./src/main.o
 .debug_frame   0x000013dc       0xd8 ./src/stm32f1xx_hal_msp.o
 .debug_frame   0x000014b4       0xa0 ./src/stm32f1xx_it.o
 .debug_frame   0x00001554       0xac ./Middlewares/Third_Party/FreeRTOS/Source/portable/MemMang/heap_4.o
 .debug_frame   0x00001600      0x138 ./Middlewares/Third_Party/FreeRTOS/Source/portable/GCC/ARM_CM3/port.o
 .debug_frame   0x00001738      0x504 ./Middlewares/Third_Party/FreeRTOS/Source/CMSIS_RTOS/cmsis_os.o
 .debug_frame   0x00001c3c       0x6c ./Middlewares/Third_Party/FreeRTOS/Source/list.o
 .debug_frame   0x00001ca8      0x258 ./Middlewares/Third_Party/FreeRTOS/Source/queue.o
 .debug_frame   0x00001f00      0x4c8 ./Middlewares/Third_Party/FreeRTOS/Source/tasks.o
 .debug_frame   0x000023c8       0x40 c:/users/hiroshi/desktop/stm32toolchain/gnu-arm/5.4 2016q3/bin/../lib/gcc/arm-none-eabi/5.4.1/../../../../arm-none-eabi/lib/armv7-m\libm.a(lib_a-w_log10.o)
 .debug_frame   0x00002408       0x34 c:/users/hiroshi/desktop/stm32toolchain/gnu-arm/5.4 2016q3/bin/../lib/gcc/arm-none-eabi/5.4.1/../../../../arm-none-eabi/lib/armv7-m\libm.a(lib_a-e_log10.o)
 .debug_frame   0x0000243c       0x20 c:/users/hiroshi/desktop/stm32toolchain/gnu-arm/5.4 2016q3/bin/../lib/gcc/arm-none-eabi/5.4.1/../../../../arm-none-eabi/lib/armv7-m\libm.a(lib_a-s_matherr.o)
 .debug_frame   0x0000245c       0x20 c:/users/hiroshi/desktop/stm32toolchain/gnu-arm/5.4 2016q3/bin/../lib/gcc/arm-none-eabi/5.4.1/../../../../arm-none-eabi/lib/armv7-m\libm.a(lib_a-s_nan.o)
 .debug_frame   0x0000247c       0x54 c:/users/hiroshi/desktop/stm32toolchain/gnu-arm/5.4 2016q3/bin/../lib/gcc/arm-none-eabi/5.4.1/../../../../arm-none-eabi/lib/armv7-m\libm.a(lib_a-e_log.o)
 .debug_frame   0x000024d0       0x20 c:/users/hiroshi/desktop/stm32toolchain/gnu-arm/5.4 2016q3/bin/../lib/gcc/arm-none-eabi/5.4.1/../../../../arm-none-eabi/lib/armv7-m\libg_nano.a(lib_a-errno.o)
 .debug_frame   0x000024f0       0x28 c:/users/hiroshi/desktop/stm32toolchain/gnu-arm/5.4 2016q3/bin/../lib/gcc/arm-none-eabi/5.4.1/../../../../arm-none-eabi/lib/armv7-m\libg_nano.a(lib_a-memcpy-stub.o)
 .debug_frame   0x00002518       0x20 c:/users/hiroshi/desktop/stm32toolchain/gnu-arm/5.4 2016q3/bin/../lib/gcc/arm-none-eabi/5.4.1/../../../../arm-none-eabi/lib/armv7-m\libg_nano.a(lib_a-memset.o)
 .debug_frame   0x00002538       0x8c c:/users/hiroshi/desktop/stm32toolchain/gnu-arm/5.4 2016q3/bin/../lib/gcc/arm-none-eabi/5.4.1/../../../../arm-none-eabi/lib/armv7-m\libg_nano.a(lib_a-nano-vfprintf_float.o)
 .debug_frame   0x000025c4       0x60 c:/users/hiroshi/desktop/stm32toolchain/gnu-arm/5.4 2016q3/bin/../lib/gcc/arm-none-eabi/5.4.1/../../../../arm-none-eabi/lib/armv7-m\libg_nano.a(lib_a-nano-vfprintf_i.o)
 .debug_frame   0x00002624       0x48 c:/users/hiroshi/desktop/stm32toolchain/gnu-arm/5.4 2016q3/bin/../lib/gcc/arm-none-eabi/5.4.1/../../../../arm-none-eabi/lib/armv7-m\libg_nano.a(lib_a-vsnprintf.o)
 .debug_frame   0x0000266c       0x6c c:/users/hiroshi/desktop/stm32toolchain/gnu-arm/5.4 2016q3/bin/../lib/gcc/arm-none-eabi/5.4.1/../../../../arm-none-eabi/lib/armv7-m\libg_nano.a(lib_a-dtoa.o)
 .debug_frame   0x000026d8       0x40 c:/users/hiroshi/desktop/stm32toolchain/gnu-arm/5.4 2016q3/bin/../lib/gcc/arm-none-eabi/5.4.1/../../../../arm-none-eabi/lib/armv7-m\libg_nano.a(lib_a-localeconv.o)
 .debug_frame   0x00002718       0x30 c:/users/hiroshi/desktop/stm32toolchain/gnu-arm/5.4 2016q3/bin/../lib/gcc/arm-none-eabi/5.4.1/../../../../arm-none-eabi/lib/armv7-m\libg_nano.a(lib_a-malloc.o)
 .debug_frame   0x00002748       0x28 c:/users/hiroshi/desktop/stm32toolchain/gnu-arm/5.4 2016q3/bin/../lib/gcc/arm-none-eabi/5.4.1/../../../../arm-none-eabi/lib/armv7-m\libg_nano.a(lib_a-memchr-stub.o)
 .debug_frame   0x00002770      0x234 c:/users/hiroshi/desktop/stm32toolchain/gnu-arm/5.4 2016q3/bin/../lib/gcc/arm-none-eabi/5.4.1/../../../../arm-none-eabi/lib/armv7-m\libg_nano.a(lib_a-mprec.o)
 .debug_frame   0x000029a4       0x2c c:/users/hiroshi/desktop/stm32toolchain/gnu-arm/5.4 2016q3/bin/../lib/gcc/arm-none-eabi/5.4.1/../../../../arm-none-eabi/lib/armv7-m\libg_nano.a(lib_a-nano-callocr.o)
 .debug_frame   0x000029d0       0x38 c:/users/hiroshi/desktop/stm32toolchain/gnu-arm/5.4 2016q3/bin/../lib/gcc/arm-none-eabi/5.4.1/../../../../arm-none-eabi/lib/armv7-m\libg_nano.a(lib_a-nano-freer.o)
 .debug_frame   0x00002a08       0x2c c:/users/hiroshi/desktop/stm32toolchain/gnu-arm/5.4 2016q3/bin/../lib/gcc/arm-none-eabi/5.4.1/../../../../arm-none-eabi/lib/armv7-m\libg_nano.a(lib_a-nano-mallocr.o)
 .debug_frame   0x00002a34       0x90 c:/users/hiroshi/desktop/stm32toolchain/gnu-arm/5.4 2016q3/bin/../lib/gcc/arm-none-eabi/5.4.1/../../../../arm-none-eabi/lib/armv7-m\libg_nano.a(lib_a-nano-svfprintf.o)
 .debug_frame   0x00002ac4       0x2c c:/users/hiroshi/desktop/stm32toolchain/gnu-arm/5.4 2016q3/bin/../lib/gcc/arm-none-eabi/5.4.1/../../../../arm-none-eabi/lib/armv7-m\libg_nano.a(lib_a-sbrkr.o)
 .debug_frame   0x00002af0       0x88 c:/users/hiroshi/desktop/stm32toolchain/gnu-arm/5.4 2016q3/bin/../lib/gcc/arm-none-eabi/5.4.1/../../../../arm-none-eabi/lib/armv7-m\libg_nano.a(lib_a-locale.o)
 .debug_frame   0x00002b78       0x44 c:/users/hiroshi/desktop/stm32toolchain/gnu-arm/5.4 2016q3/bin/../lib/gcc/arm-none-eabi/5.4.1/../../../../arm-none-eabi/lib/armv7-m\libg_nano.a(lib_a-mbtowc_r.o)
 .debug_frame   0x00002bbc       0x28 c:/users/hiroshi/desktop/stm32toolchain/gnu-arm/5.4 2016q3/bin/../lib/gcc/arm-none-eabi/5.4.1/../../../../arm-none-eabi/lib/armv7-m\libg_nano.a(lib_a-memmove.o)
 .debug_frame   0x00002be4       0x30 c:/users/hiroshi/desktop/stm32toolchain/gnu-arm/5.4 2016q3/bin/../lib/gcc/arm-none-eabi/5.4.1/../../../../arm-none-eabi/lib/armv7-m\libg_nano.a(lib_a-mlock.o)
 .debug_frame   0x00002c14       0x3c c:/users/hiroshi/desktop/stm32toolchain/gnu-arm/5.4 2016q3/bin/../lib/gcc/arm-none-eabi/5.4.1/../../../../arm-none-eabi/lib/armv7-m\libg_nano.a(lib_a-nano-reallocr.o)
 .debug_frame   0x00002c50       0x3c c:/users/hiroshi/desktop/stm32toolchain/gnu-arm/5.4 2016q3/bin/../lib/gcc/arm-none-eabi/5.4.1/../../../../arm-none-eabi/lib/armv7-m\libg_nano.a(lib_a-wctomb_r.o)
 .debug_frame   0x00002c8c       0x20 c:/users/hiroshi/desktop/stm32toolchain/gnu-arm/5.4 2016q3/bin/../lib/gcc/arm-none-eabi/5.4.1/../../../../arm-none-eabi/lib/armv7-m\libg_nano.a(lib_a-nano-msizer.o)

.debug_str      0x00000000    0x95797
 *(.debug_str)
 .debug_str     0x00000000    0x88728 ./system/src/stm32f1xx/stm32f1xx_hal.o
                              0x88c1b (size before relaxing)
 .debug_str     0x00088728      0x5ce ./system/src/stm32f1xx/stm32f1xx_hal_can.o
                              0x88b81 (size before relaxing)
 .debug_str     0x00088cf6      0x27e ./system/src/stm32f1xx/stm32f1xx_hal_cortex.o
                              0x88c0f (size before relaxing)
 .debug_str     0x00088f74      0x452 ./system/src/stm32f1xx/stm32f1xx_hal_gpio.o
                              0x889f3 (size before relaxing)
 .debug_str     0x000893c6      0x3d6 ./system/src/stm32f1xx/stm32f1xx_hal_rcc.o
                              0x88a54 (size before relaxing)
 .debug_str     0x0008979c      0x6c0 ./system/src/stm32f1xx/stm32f1xx_hal_spi.o
                              0x88cc2 (size before relaxing)
 .debug_str     0x00089e5c       0x48 ./system/src/stm32f1xx/stm32f1xx_hal_spi_ex.o
                              0x88947 (size before relaxing)
 .debug_str     0x00089ea4      0x4ba ./system/src/stm32f1xx/stm32f1xx_hal_uart.o
                              0x88cd7 (size before relaxing)
 .debug_str     0x0008a35e     0x10b6 ./system/src/newlib/_exit.o
                               0x6e5c (size before relaxing)
 .debug_str     0x0008b414      0x366 ./system/src/newlib/_sbrk.o
                               0x6247 (size before relaxing)
 .debug_str     0x0008b77a      0x266 ./system/src/newlib/_startup.o
                               0x5dfc (size before relaxing)
 .debug_str     0x0008b9e0      0xe18 ./system/src/newlib/_syscalls.o
                               0x70a7 (size before relaxing)
 .debug_str     0x0008c7f8      0x176 ./system/src/diag/Trace.o
                               0x764c (size before relaxing)
 .debug_str     0x0008c96e       0x4b ./system/src/diag/trace_impl.o
                              0x5d734 (size before relaxing)
 .debug_str     0x0008c9b9       0x5e ./system/src/cortexm/_initialize_hardware.o
                              0x59c16 (size before relaxing)
 .debug_str     0x0008ca17      0x1ca ./system/src/cortexm/exception_handlers.o
                              0x5e595 (size before relaxing)
 .debug_str     0x0008cbe1       0x4d ./system/src/cmsis/system_stm32f1xx.o
                              0x59c96 (size before relaxing)
 .debug_str     0x0008cc2e     0x637a ./src/main.o
                              0x8f6c0 (size before relaxing)
 .debug_str     0x00092fa8       0x1b ./src/stm32f1xx_hal_msp.o
                              0x89085 (size before relaxing)
 .debug_str     0x00092fc3       0x4e ./src/stm32f1xx_it.o
                              0x8dc9b (size before relaxing)
 .debug_str     0x00093011      0x2f6 ./Middlewares/Third_Party/FreeRTOS/Source/portable/MemMang/heap_4.o
                               0x995b (size before relaxing)
 .debug_str     0x00093307      0x739 ./Middlewares/Third_Party/FreeRTOS/Source/portable/GCC/ARM_CM3/port.o
                               0x7377 (size before relaxing)
 .debug_str     0x00093a40      0x8f7 ./Middlewares/Third_Party/FreeRTOS/Source/CMSIS_RTOS/cmsis_os.o
                               0xc28f (size before relaxing)
 .debug_str     0x00094337      0x13d ./Middlewares/Third_Party/FreeRTOS/Source/list.o
                               0x907b (size before relaxing)
 .debug_str     0x00094474      0x660 ./Middlewares/Third_Party/FreeRTOS/Source/queue.o
                               0xa9da (size before relaxing)
 .debug_str     0x00094ad4      0xcc3 ./Middlewares/Third_Party/FreeRTOS/Source/tasks.o
                               0xb094 (size before relaxing)

.debug_loc      0x00000000     0x8425
 *(.debug_loc)
 .debug_loc     0x00000000       0x81 ./system/src/stm32f1xx/stm32f1xx_hal.o
 .debug_loc     0x00000081      0x603 ./system/src/stm32f1xx/stm32f1xx_hal_can.o
 .debug_loc     0x00000684      0x527 ./system/src/stm32f1xx/stm32f1xx_hal_cortex.o
 .debug_loc     0x00000bab      0x377 ./system/src/stm32f1xx/stm32f1xx_hal_gpio.o
 .debug_loc     0x00000f22      0x8e9 ./system/src/stm32f1xx/stm32f1xx_hal_rcc.o
 .debug_loc     0x0000180b     0x10bd ./system/src/stm32f1xx/stm32f1xx_hal_spi.o
 .debug_loc     0x000028c8       0x58 ./system/src/stm32f1xx/stm32f1xx_hal_spi_ex.o